{
  "symbols": [
    {
      "name": "", 
      "debugName": "@This()", 
      "token": null, 
      "declNode": "root", 
      "scope": semantic.id.NominalId(u32)(0), 
      "flags": ["const"], 
      "references": [
        
      ], 
      "members": [1,2,3,4,5,6,7,8,9,10,11,12,13,14], 
      "exports": [], 
      
    }, 
    {
      "name": "empty", 
      "debugName": "", 
      "token": 1, 
      "declNode": "fn_decl", 
      "scope": semantic.id.NominalId(u32)(0), 
      "flags": ["fn"], 
      "references": [
        
      ], 
      "members": [], 
      "exports": [], 
      
    }, 
    {
      "name": "x", 
      "debugName": "", 
      "token": 7, 
      "declNode": "simple_var_decl", 
      "scope": semantic.id.NominalId(u32)(3), 
      "flags": ["variable", "const"], 
      "references": [
        {"symbol":2,"scope":3,"node":"identifier","identifier":"x","flags":["read"]}, 
        
      ], 
      "members": [], 
      "exports": [], 
      
    }, 
    {
      "name": "one", 
      "debugName": "", 
      "token": 17, 
      "declNode": "fn_decl", 
      "scope": semantic.id.NominalId(u32)(0), 
      "flags": ["fn"], 
      "references": [
        
      ], 
      "members": [], 
      "exports": [], 
      
    }, 
    {
      "name": "y", 
      "debugName": "", 
      "token": 23, 
      "declNode": "simple_var_decl", 
      "scope": semantic.id.NominalId(u32)(7), 
      "flags": ["variable"], 
      "references": [
        {"symbol":4,"scope":8,"node":"identifier","identifier":"y","flags":["write"]}, 
        
      ], 
      "members": [], 
      "exports": [], 
      
    }, 
    {
      "name": "two", 
      "debugName": "", 
      "token": 35, 
      "declNode": "fn_decl", 
      "scope": semantic.id.NominalId(u32)(0), 
      "flags": ["fn"], 
      "references": [
        
      ], 
      "members": [], 
      "exports": [], 
      
    }, 
    {
      "name": "z", 
      "debugName": "", 
      "token": 41, 
      "declNode": "simple_var_decl", 
      "scope": semantic.id.NominalId(u32)(11), 
      "flags": ["variable"], 
      "references": [
        {"symbol":6,"scope":12,"node":"identifier","identifier":"z","flags":["write"]}, 
        
      ], 
      "members": [], 
      "exports": [], 
      
    }, 
    {
      "name": "a", 
      "debugName": "", 
      "token": 47, 
      "declNode": "simple_var_decl", 
      "scope": semantic.id.NominalId(u32)(12), 
      "flags": ["variable", "const"], 
      "references": [
        {"symbol":7,"scope":12,"node":"identifier","identifier":"a","flags":["read"]}, 
        
      ], 
      "members": [], 
      "exports": [], 
      
    }, 
    {
      "name": "many", 
      "debugName": "", 
      "token": 58, 
      "declNode": "fn_decl", 
      "scope": semantic.id.NominalId(u32)(0), 
      "flags": ["fn"], 
      "references": [
        
      ], 
      "members": [], 
      "exports": [], 
      
    }, 
    {
      "name": "a", 
      "debugName": "", 
      "token": 64, 
      "declNode": "simple_var_decl", 
      "scope": semantic.id.NominalId(u32)(15), 
      "flags": ["variable"], 
      "references": [
        {"symbol":9,"scope":16,"node":"identifier","identifier":"a","flags":["read","write"]}, 
        
      ], 
      "members": [], 
      "exports": [], 
      
    }, 
    {
      "name": "b", 
      "debugName": "", 
      "token": 70, 
      "declNode": "simple_var_decl", 
      "scope": semantic.id.NominalId(u32)(16), 
      "flags": ["variable", "const"], 
      "references": [
        {"symbol":10,"scope":16,"node":"identifier","identifier":"b","flags":["read"]}, 
        
      ], 
      "members": [], 
      "exports": [], 
      
    }, 
    {
      "name": "c", 
      "debugName": "", 
      "token": 75, 
      "declNode": "simple_var_decl", 
      "scope": semantic.id.NominalId(u32)(16), 
      "flags": ["variable", "const"], 
      "references": [
        {"symbol":11,"scope":16,"node":"identifier","identifier":"c","flags":["read"]}, 
        
      ], 
      "members": [], 
      "exports": [], 
      
    }, 
    {
      "name": "d", 
      "debugName": "", 
      "token": 80, 
      "declNode": "simple_var_decl", 
      "scope": semantic.id.NominalId(u32)(16), 
      "flags": ["variable", "const"], 
      "references": [
        {"symbol":12,"scope":16,"node":"identifier","identifier":"d","flags":["read"]}, 
        
      ], 
      "members": [], 
      "exports": [], 
      
    }, 
    {
      "name": "e", 
      "debugName": "", 
      "token": 85, 
      "declNode": "simple_var_decl", 
      "scope": semantic.id.NominalId(u32)(16), 
      "flags": ["variable", "const"], 
      "references": [
        {"symbol":13,"scope":16,"node":"identifier","identifier":"e","flags":["read"]}, 
        
      ], 
      "members": [], 
      "exports": [], 
      
    }, 
    {
      "name": "f", 
      "debugName": "", 
      "token": 90, 
      "declNode": "simple_var_decl", 
      "scope": semantic.id.NominalId(u32)(16), 
      "flags": ["variable", "const"], 
      "references": [
        {"symbol":14,"scope":16,"node":"identifier","identifier":"f","flags":["read"]}, 
        
      ], 
      "members": [], 
      "exports": [], 
      
    }, 
  ], 
  "unresolvedReferences": [],
  "scopes": {
    "id": semantic.id.NominalId(u32)(0), 
    "flags": ["top"], 
    "bindings": {
      "@This()": 0, 
      "empty": 1, 
      "one": 3, 
      "two": 5, 
      "many": 8, 
      
    }, 
    "children": [
      {
        "id": semantic.id.NominalId(u32)(1), 
        "flags": [], 
        "bindings": {
          
        }, 
        "children": [
          {
            "id": semantic.id.NominalId(u32)(2), 
            "flags": ["function"], 
            "bindings": {
              
            }, 
            "children": [
              {
                "id": semantic.id.NominalId(u32)(3), 
                "flags": ["block"], 
                "bindings": {
                  "x": 2, 
                  
                }, 
                "children": [
                  {
                    "id": semantic.id.NominalId(u32)(4), 
                    "flags": ["block"], 
                    "bindings": {
                      
                    }, 
                    "children": [], 
                    
                  }, 
                ], 
                
              }, 
            ], 
            
          }, 
        ], 
        
      }, {
        "id": semantic.id.NominalId(u32)(5), 
        "flags": [], 
        "bindings": {
          
        }, 
        "children": [
          {
            "id": semantic.id.NominalId(u32)(6), 
            "flags": ["function"], 
            "bindings": {
              
            }, 
            "children": [
              {
                "id": semantic.id.NominalId(u32)(7), 
                "flags": ["block"], 
                "bindings": {
                  "y": 4, 
                  
                }, 
                "children": [
                  {
                    "id": semantic.id.NominalId(u32)(8), 
                    "flags": ["block"], 
                    "bindings": {
                      
                    }, 
                    "children": [], 
                    
                  }, 
                ], 
                
              }, 
            ], 
            
          }, 
        ], 
        
      }, {
        "id": semantic.id.NominalId(u32)(9), 
        "flags": [], 
        "bindings": {
          
        }, 
        "children": [
          {
            "id": semantic.id.NominalId(u32)(10), 
            "flags": ["function"], 
            "bindings": {
              
            }, 
            "children": [
              {
                "id": semantic.id.NominalId(u32)(11), 
                "flags": ["block"], 
                "bindings": {
                  "z": 6, 
                  
                }, 
                "children": [
                  {
                    "id": semantic.id.NominalId(u32)(12), 
                    "flags": ["block"], 
                    "bindings": {
                      "a": 7, 
                      
                    }, 
                    "children": [], 
                    
                  }, 
                ], 
                
              }, 
            ], 
            
          }, 
        ], 
        
      }, {
        "id": semantic.id.NominalId(u32)(13), 
        "flags": [], 
        "bindings": {
          
        }, 
        "children": [
          {
            "id": semantic.id.NominalId(u32)(14), 
            "flags": ["function"], 
            "bindings": {
              
            }, 
            "children": [
              {
                "id": semantic.id.NominalId(u32)(15), 
                "flags": ["block"], 
                "bindings": {
                  "a": 9, 
                  
                }, 
                "children": [
                  {
                    "id": semantic.id.NominalId(u32)(16), 
                    "flags": ["block"], 
                    "bindings": {
                      "b": 10, 
                      "c": 11, 
                      "d": 12, 
                      "e": 13, 
                      "f": 14, 
                      
                    }, 
                    "children": [], 
                    
                  }, 
                ], 
                
              }, 
            ], 
            
          }, 
        ], 
        
      }, 
    ], 
    
  }, 
}