{
  "symbols": [
    {
      "name": "", 
      "debugName": "@This()", 
      "declNode": "root", 
      "scope": 0, 
      "flags": {"s_comptime":false,"s_const":true,"s_member":false,"s_fn":false,"s_catch_param":false}, 
      "members": [1,2,3,4,5,6,7,8,9,10,11,12,13,14], 
      "exports": [], 
      
    }, {
      "name": "empty", 
      "debugName": "", 
      "declNode": "fn_decl", 
      "scope": 0, 
      "flags": {"s_comptime":false,"s_const":false,"s_member":false,"s_fn":true,"s_catch_param":false}, 
      "members": [], 
      "exports": [], 
      
    }, {
      "name": "x", 
      "debugName": "", 
      "declNode": "simple_var_decl", 
      "scope": 3, 
      "flags": {"s_comptime":false,"s_const":false,"s_member":false,"s_fn":false,"s_catch_param":false}, 
      "members": [], 
      "exports": [], 
      
    }, {
      "name": "one", 
      "debugName": "", 
      "declNode": "fn_decl", 
      "scope": 0, 
      "flags": {"s_comptime":false,"s_const":false,"s_member":false,"s_fn":true,"s_catch_param":false}, 
      "members": [], 
      "exports": [], 
      
    }, {
      "name": "y", 
      "debugName": "", 
      "declNode": "simple_var_decl", 
      "scope": 7, 
      "flags": {"s_comptime":false,"s_const":false,"s_member":false,"s_fn":false,"s_catch_param":false}, 
      "members": [], 
      "exports": [], 
      
    }, {
      "name": "two", 
      "debugName": "", 
      "declNode": "fn_decl", 
      "scope": 0, 
      "flags": {"s_comptime":false,"s_const":false,"s_member":false,"s_fn":true,"s_catch_param":false}, 
      "members": [], 
      "exports": [], 
      
    }, {
      "name": "z", 
      "debugName": "", 
      "declNode": "simple_var_decl", 
      "scope": 11, 
      "flags": {"s_comptime":false,"s_const":false,"s_member":false,"s_fn":false,"s_catch_param":false}, 
      "members": [], 
      "exports": [], 
      
    }, {
      "name": "a", 
      "debugName": "", 
      "declNode": "simple_var_decl", 
      "scope": 12, 
      "flags": {"s_comptime":false,"s_const":false,"s_member":false,"s_fn":false,"s_catch_param":false}, 
      "members": [], 
      "exports": [], 
      
    }, {
      "name": "many", 
      "debugName": "", 
      "declNode": "fn_decl", 
      "scope": 0, 
      "flags": {"s_comptime":false,"s_const":false,"s_member":false,"s_fn":true,"s_catch_param":false}, 
      "members": [], 
      "exports": [], 
      
    }, {
      "name": "a", 
      "debugName": "", 
      "declNode": "simple_var_decl", 
      "scope": 15, 
      "flags": {"s_comptime":false,"s_const":false,"s_member":false,"s_fn":false,"s_catch_param":false}, 
      "members": [], 
      "exports": [], 
      
    }, {
      "name": "b", 
      "debugName": "", 
      "declNode": "simple_var_decl", 
      "scope": 16, 
      "flags": {"s_comptime":false,"s_const":false,"s_member":false,"s_fn":false,"s_catch_param":false}, 
      "members": [], 
      "exports": [], 
      
    }, {
      "name": "c", 
      "debugName": "", 
      "declNode": "simple_var_decl", 
      "scope": 16, 
      "flags": {"s_comptime":false,"s_const":false,"s_member":false,"s_fn":false,"s_catch_param":false}, 
      "members": [], 
      "exports": [], 
      
    }, {
      "name": "d", 
      "debugName": "", 
      "declNode": "simple_var_decl", 
      "scope": 16, 
      "flags": {"s_comptime":false,"s_const":false,"s_member":false,"s_fn":false,"s_catch_param":false}, 
      "members": [], 
      "exports": [], 
      
    }, {
      "name": "e", 
      "debugName": "", 
      "declNode": "simple_var_decl", 
      "scope": 16, 
      "flags": {"s_comptime":false,"s_const":false,"s_member":false,"s_fn":false,"s_catch_param":false}, 
      "members": [], 
      "exports": [], 
      
    }, {
      "name": "f", 
      "debugName": "", 
      "declNode": "simple_var_decl", 
      "scope": 16, 
      "flags": {"s_comptime":false,"s_const":false,"s_member":false,"s_fn":false,"s_catch_param":false}, 
      "members": [], 
      "exports": [], 
      
    }, 
  ], 
  "scopes": {
    "id": 0, 
    "flags": [
      "top", 
      
    ], 
    "children": [
      {
        "id": 1, 
        "flags": [
          
        ], 
        "children": [
          {
            "id": 2, 
            "flags": [
              "function", 
              
            ], 
            "children": [
              {
                "id": 3, 
                "flags": [
                  "block", 
                  
                ], 
                "children": [
                  {
                    "id": 4, 
                    "flags": [
                      "block", 
                      
                    ], 
                    "children": [], 
                    
                  }, 
                ], 
              }, 
            ], 
          }, 
        ], 
      }, {
        "id": 5, 
        "flags": [
          
        ], 
        "children": [
          {
            "id": 6, 
            "flags": [
              "function", 
              
            ], 
            "children": [
              {
                "id": 7, 
                "flags": [
                  "block", 
                  
                ], 
                "children": [
                  {
                    "id": 8, 
                    "flags": [
                      "block", 
                      
                    ], 
                    "children": [], 
                    
                  }, 
                ], 
              }, 
            ], 
          }, 
        ], 
      }, {
        "id": 9, 
        "flags": [
          
        ], 
        "children": [
          {
            "id": 10, 
            "flags": [
              "function", 
              
            ], 
            "children": [
              {
                "id": 11, 
                "flags": [
                  "block", 
                  
                ], 
                "children": [
                  {
                    "id": 12, 
                    "flags": [
                      "block", 
                      
                    ], 
                    "children": [], 
                    
                  }, 
                ], 
              }, 
            ], 
          }, 
        ], 
      }, {
        "id": 13, 
        "flags": [
          
        ], 
        "children": [
          {
            "id": 14, 
            "flags": [
              "function", 
              
            ], 
            "children": [
              {
                "id": 15, 
                "flags": [
                  "block", 
                  
                ], 
                "children": [
                  {
                    "id": 16, 
                    "flags": [
                      "block", 
                      
                    ], 
                    "children": [], 
                    
                  }, 
                ], 
              }, 
            ], 
          }, 
        ], 
      }, 
    ], 
  }, 
}