{
  "symbols": [
    {
      "name": "", 
      "debugName": "@This()", 
      "declNode": "root", 
      "scope": semantic.id.NominalId(u32)(0), 
      "flags": ["const"], 
      "references": [
        
      ], 
      "members": [1], 
      "exports": [], 
      
    }, 
    {
      "name": "x", 
      "debugName": "", 
      "declNode": "simple_var_decl", 
      "scope": semantic.id.NominalId(u32)(0), 
      "flags": ["variable", "const"], 
      "references": [
        
      ], 
      "members": [2], 
      "exports": [], 
      
    }, 
    {
      "name": "y", 
      "debugName": "", 
      "declNode": "simple_var_decl", 
      "scope": semantic.id.NominalId(u32)(1), 
      "flags": ["variable"], 
      "references": [
        {"symbol":2,"scope":1,"node":"identifier","identifier":"y","flags":["read","write"]}, 
        {"symbol":2,"scope":1,"node":"identifier","identifier":"y","flags":["read"]}, 
        
      ], 
      "members": [], 
      "exports": [], 
      
    }, 
  ], 
  "unresolvedReferences": [],
  "scopes": {
    "id": semantic.id.NominalId(u32)(0), 
    "flags": ["top"], 
    "bindings": {
      "@This()": 0, 
      "x": 1, 
      
    }, 
    "children": [
      {
        "id": semantic.id.NominalId(u32)(1), 
        "flags": ["block", "comptime"], 
        "bindings": {
          "y": 2, 
          
        }, 
        "children": [], 
        
      }, 
    ], 
    
  }, 
}