{
  "symbols": [
    {
      "name": "", 
      "debugName": "@This()", 
      "declNode": "root", 
      "scope": semantic.id.NominalId(u32)(0), 
      "flags": {"s_comptime":false,"s_const":true,"s_member":false,"s_fn":false,"s_catch_param":false}, 
      "references": [
        
      ], 
      "members": [1,2,3,4,5,6,7], 
      "exports": [], 
      
    }, 
    {
      "name": "std", 
      "debugName": "", 
      "declNode": "simple_var_decl", 
      "scope": semantic.id.NominalId(u32)(0), 
      "flags": {"s_comptime":false,"s_const":false,"s_member":false,"s_fn":false,"s_catch_param":false}, 
      "references": [
        {"symbol":1,"scope":4,"node":"identifier","identifier":"std","flags":{"read":true,"write":false,"call":false,"type":false,"member":false,"_":0}}, 
        
      ], 
      "members": [], 
      "exports": [], 
      
    }, 
    {
      "name": "builtin", 
      "debugName": "", 
      "declNode": "simple_var_decl", 
      "scope": semantic.id.NominalId(u32)(0), 
      "flags": {"s_comptime":false,"s_const":false,"s_member":false,"s_fn":false,"s_catch_param":false}, 
      "references": [
        {"symbol":2,"scope":0,"node":"identifier","identifier":"builtin","flags":{"read":true,"write":false,"call":false,"type":false,"member":false,"_":0}}, 
        {"symbol":2,"scope":9,"node":"identifier","identifier":"builtin","flags":{"read":true,"write":false,"call":false,"type":false,"member":false,"_":0}}, 
        
      ], 
      "members": [], 
      "exports": [], 
      
    }, 
    {
      "name": "msg", 
      "debugName": "", 
      "declNode": "simple_var_decl", 
      "scope": semantic.id.NominalId(u32)(0), 
      "flags": {"s_comptime":false,"s_const":false,"s_member":false,"s_fn":false,"s_catch_param":false}, 
      "references": [
        
      ], 
      "members": [], 
      "exports": [], 
      
    }, 
    {
      "name": "simpleIf", 
      "debugName": "", 
      "declNode": "fn_decl", 
      "scope": semantic.id.NominalId(u32)(0), 
      "flags": {"s_comptime":false,"s_const":false,"s_member":false,"s_fn":true,"s_catch_param":false}, 
      "references": [
        
      ], 
      "members": [], 
      "exports": [], 
      
    }, 
    {
      "name": "i", 
      "debugName": "", 
      "declNode": "simple_var_decl", 
      "scope": semantic.id.NominalId(u32)(3), 
      "flags": {"s_comptime":false,"s_const":false,"s_member":false,"s_fn":false,"s_catch_param":false}, 
      "references": [
        {"symbol":5,"scope":3,"node":"identifier","identifier":"i","flags":{"read":true,"write":false,"call":false,"type":false,"member":false,"_":0}}, 
        {"symbol":5,"scope":3,"node":"identifier","identifier":"i","flags":{"read":true,"write":false,"call":false,"type":false,"member":false,"_":0}}, 
        {"symbol":5,"scope":5,"node":"identifier","identifier":"i","flags":{"read":true,"write":false,"call":false,"type":false,"member":false,"_":0}}, 
        {"symbol":5,"scope":5,"node":"identifier","identifier":"i","flags":{"read":true,"write":false,"call":false,"type":false,"member":false,"_":0}}, 
        {"symbol":5,"scope":5,"node":"identifier","identifier":"i","flags":{"read":false,"write":true,"call":false,"type":false,"member":false,"_":0}}, 
        {"symbol":5,"scope":6,"node":"identifier","identifier":"i","flags":{"read":false,"write":true,"call":false,"type":false,"member":false,"_":0}}, 
        
      ], 
      "members": [], 
      "exports": [], 
      
    }, 
    {
      "name": "pow", 
      "debugName": "", 
      "declNode": "simple_var_decl", 
      "scope": semantic.id.NominalId(u32)(5), 
      "flags": {"s_comptime":false,"s_const":false,"s_member":false,"s_fn":false,"s_catch_param":false}, 
      "references": [
        {"symbol":6,"scope":5,"node":"identifier","identifier":"pow","flags":{"read":true,"write":false,"call":false,"type":false,"member":false,"_":0}}, 
        
      ], 
      "members": [], 
      "exports": [], 
      
    }, 
    {
      "name": "comptimeIf", 
      "debugName": "", 
      "declNode": "fn_decl", 
      "scope": semantic.id.NominalId(u32)(0), 
      "flags": {"s_comptime":false,"s_const":false,"s_member":false,"s_fn":true,"s_catch_param":false}, 
      "references": [
        
      ], 
      "members": [], 
      "exports": [], 
      
    }, 
  ], 
  "unresolvedReferences": [],
  "scopes": {
    "id": semantic.id.NominalId(u32)(0), 
    "flags": [
      "top", 
      
    ], 
    "bindings": {
      "@This()": 0, 
      "std": 1, 
      "builtin": 2, 
      "msg": 3, 
      "simpleIf": 4, 
      "comptimeIf": 7, 
      
    }, 
    "children": [
      {
        "id": semantic.id.NominalId(u32)(1), 
        "flags": [
          
        ], 
        "bindings": {
          
        }, 
        "children": [
          {
            "id": semantic.id.NominalId(u32)(2), 
            "flags": [
              "function", 
              
            ], 
            "bindings": {
              
            }, 
            "children": [
              {
                "id": semantic.id.NominalId(u32)(3), 
                "flags": [
                  "block", 
                  
                ], 
                "bindings": {
                  "i": 5, 
                  
                }, 
                "children": [
                  {
                    "id": semantic.id.NominalId(u32)(4), 
                    "flags": [
                      "block", 
                      
                    ], 
                    "bindings": {
                      
                    }, 
                    "children": [], 
                    
                  }, {
                    "id": semantic.id.NominalId(u32)(5), 
                    "flags": [
                      "block", 
                      
                    ], 
                    "bindings": {
                      "pow": 6, 
                      
                    }, 
                    "children": [], 
                    
                  }, {
                    "id": semantic.id.NominalId(u32)(6), 
                    "flags": [
                      "block", 
                      
                    ], 
                    "bindings": {
                      
                    }, 
                    "children": [], 
                    
                  }, 
                ], 
                
              }, 
            ], 
            
          }, 
        ], 
        
      }, {
        "id": semantic.id.NominalId(u32)(7), 
        "flags": [
          
        ], 
        "bindings": {
          
        }, 
        "children": [
          {
            "id": semantic.id.NominalId(u32)(8), 
            "flags": [
              "function", 
              
            ], 
            "bindings": {
              
            }, 
            "children": [
              {
                "id": semantic.id.NominalId(u32)(9), 
                "flags": [
                  "block", 
                  
                ], 
                "bindings": {
                  
                }, 
                "children": [
                  {
                    "id": semantic.id.NominalId(u32)(10), 
                    "flags": [
                      "block", 
                      "comptime", 
                      
                    ], 
                    "bindings": {
                      
                    }, 
                    "children": [], 
                    
                  }, 
                ], 
                
              }, 
            ], 
            
          }, 
        ], 
        
      }, 
    ], 
    
  }, 
}