{
  "symbols": [
    {
      "name": "", 
      "debugName": "@This()", 
      "token": null, 
      "declNode": "root", 
      "scope": util.id.NominalId(u32)(0), 
      "flags": ["const"], 
      "references": [
        
      ], 
      "members": [1], 
      "exports": [], 
      
    }, 
    {
      "name": "Foo", 
      "debugName": "", 
      "token": 2, 
      "declNode": "simple_var_decl", 
      "scope": util.id.NominalId(u32)(0), 
      "flags": ["variable","const","enum"], 
      "references": [
        {"symbol":1,"scope":2,"node":"identifier","identifier":"Foo","flags":["read"]}, 
        {"symbol":1,"scope":3,"node":"identifier","identifier":"Foo","flags":["read"]}, 
        
      ], 
      "members": [2,3,4,5,6], 
      "exports": [], 
      
    }, 
    {
      "name": "a", 
      "debugName": "", 
      "token": 6, 
      "declNode": "container_field_init", 
      "scope": util.id.NominalId(u32)(1), 
      "flags": ["member","enum"], 
      "references": [
        
      ], 
      "members": [], 
      "exports": [], 
      
    }, 
    {
      "name": "b", 
      "debugName": "", 
      "token": 8, 
      "declNode": "container_field_init", 
      "scope": util.id.NominalId(u32)(1), 
      "flags": ["member","enum"], 
      "references": [
        
      ], 
      "members": [], 
      "exports": [], 
      
    }, 
    {
      "name": "c", 
      "debugName": "", 
      "token": 10, 
      "declNode": "container_field_init", 
      "scope": util.id.NominalId(u32)(1), 
      "flags": ["member","enum"], 
      "references": [
        
      ], 
      "members": [], 
      "exports": [], 
      
    }, 
    {
      "name": "Bar", 
      "debugName": "", 
      "token": 14, 
      "declNode": "simple_var_decl", 
      "scope": util.id.NominalId(u32)(1), 
      "flags": ["variable","const"], 
      "references": [
        
      ], 
      "members": [], 
      "exports": [], 
      
    }, 
    {
      "name": "isNotA", 
      "debugName": "", 
      "token": 22, 
      "declNode": "fn_decl", 
      "scope": util.id.NominalId(u32)(1), 
      "flags": ["fn"], 
      "references": [
        
      ], 
      "members": [], 
      "exports": [], 
      
    }, 
    {
      "name": "self", 
      "debugName": "", 
      "token": 24, 
      "declNode": "identifier", 
      "scope": util.id.NominalId(u32)(2), 
      "flags": ["const","fn_param"], 
      "references": [
        {"symbol":7,"scope":3,"node":"identifier","identifier":"self","flags":["read"]}, 
        
      ], 
      "members": [], 
      "exports": [], 
      
    }, 
  ], 
  "unresolvedReferences": [],
  "scopes": {
    "id": util.id.NominalId(u32)(0), 
    "flags": ["top"], 
    "bindings": {
      "@This()": 0, 
      "Foo": 1, 
      
    }, 
    "children": [
      {
        "id": util.id.NominalId(u32)(1), 
        "flags": ["enum","block"], 
        "bindings": {
          "a": 2, 
          "b": 3, 
          "c": 4, 
          "Bar": 5, 
          "isNotA": 6, 
          
        }, 
        "children": [
          {
            "id": util.id.NominalId(u32)(2), 
            "flags": ["function"], 
            "bindings": {
              "self": 7, 
              
            }, 
            "children": [
              {
                "id": util.id.NominalId(u32)(3), 
                "flags": ["function","block"], 
                "bindings": {
                  
                }, 
                "children": [], 
                
              }, 
            ], 
            
          }, 
        ], 
        
      }, 
    ], 
    
  }, 
}