{
  "symbols": [
    {
      "name": "@This()", 
      "declNode": 0, 
      "scope": 0, 
      "flags": {"s_comptime":false,"s_const":true,"s_member":false,"s_fn":false}, 
      "members": [1], 
      "exports": [], 
      
    }, {
      "name": "Foo", 
      "declNode": 1, 
      "scope": 0, 
      "flags": {"s_comptime":false,"s_const":false,"s_member":false,"s_fn":false}, 
      "members": [2,3,4,5,6], 
      "exports": [], 
      
    }, {
      "name": "a", 
      "declNode": 3, 
      "scope": 1, 
      "flags": {"s_comptime":false,"s_const":false,"s_member":true,"s_fn":false}, 
      "members": [], 
      "exports": [], 
      
    }, {
      "name": "b", 
      "declNode": 5, 
      "scope": 1, 
      "flags": {"s_comptime":false,"s_const":false,"s_member":true,"s_fn":false}, 
      "members": [], 
      "exports": [], 
      
    }, {
      "name": "c", 
      "declNode": 7, 
      "scope": 1, 
      "flags": {"s_comptime":false,"s_const":false,"s_member":true,"s_fn":false}, 
      "members": [], 
      "exports": [], 
      
    }, {
      "name": "Bar", 
      "declNode": 9, 
      "scope": 1, 
      "flags": {"s_comptime":false,"s_const":false,"s_member":false,"s_fn":false}, 
      "members": [], 
      "exports": [], 
      
    }, {
      "name": "isNotA", 
      "declNode": 14, 
      "scope": 1, 
      "flags": {"s_comptime":false,"s_const":false,"s_member":false,"s_fn":true}, 
      "members": [], 
      "exports": [], 
      
    }, 
  ], 
  "scopes": {
    "id": 0, 
    "flags": [
      "top", 
      
    ], 
    "children": [
      {
        "id": 1, 
        "flags": [
          "block", 
          
        ], 
        "children": [
          {
            "id": 2, 
            "flags": [
              
            ], 
            "children": [
              {
                "id": 3, 
                "flags": [
                  "function", 
                  
                ], 
                "children": [], 
                
              }, 
            ], 
          }, 
        ], 
      }, 
    ], 
  }, 
}