{
  "symbols": [
    {
      "name": "", 
      "debugName": "@This()", 
      "declNode": "root", 
      "scope": semantic.id.NominalId(u32)(0), 
      "flags": {"s_comptime":false,"s_const":true,"s_member":false,"s_fn":false,"s_catch_param":false}, 
      "members": [1,2,3,4,5,6,7,8,9], 
      "exports": [], 
      
    }, {
      "name": "std", 
      "debugName": "", 
      "declNode": "simple_var_decl", 
      "scope": semantic.id.NominalId(u32)(0), 
      "flags": {"s_comptime":false,"s_const":false,"s_member":false,"s_fn":false,"s_catch_param":false}, 
      "members": [], 
      "exports": [], 
      
    }, {
      "name": "Managed", 
      "debugName": "", 
      "declNode": "simple_var_decl", 
      "scope": semantic.id.NominalId(u32)(0), 
      "flags": {"s_comptime":false,"s_const":false,"s_member":false,"s_fn":false,"s_catch_param":false}, 
      "members": [], 
      "exports": [], 
      
    }, {
      "name": "main", 
      "debugName": "", 
      "declNode": "fn_decl", 
      "scope": semantic.id.NominalId(u32)(0), 
      "flags": {"s_comptime":false,"s_const":false,"s_member":false,"s_fn":true,"s_catch_param":false}, 
      "members": [], 
      "exports": [], 
      
    }, {
      "name": "allocator", 
      "debugName": "", 
      "declNode": "simple_var_decl", 
      "scope": semantic.id.NominalId(u32)(3), 
      "flags": {"s_comptime":false,"s_const":false,"s_member":false,"s_fn":false,"s_catch_param":false}, 
      "members": [], 
      "exports": [], 
      
    }, {
      "name": "a", 
      "debugName": "", 
      "declNode": "simple_var_decl", 
      "scope": semantic.id.NominalId(u32)(3), 
      "flags": {"s_comptime":false,"s_const":false,"s_member":false,"s_fn":false,"s_catch_param":false}, 
      "members": [], 
      "exports": [], 
      
    }, {
      "name": "b", 
      "debugName": "", 
      "declNode": "simple_var_decl", 
      "scope": semantic.id.NominalId(u32)(3), 
      "flags": {"s_comptime":false,"s_const":false,"s_member":false,"s_fn":false,"s_catch_param":false}, 
      "members": [], 
      "exports": [], 
      
    }, {
      "name": "i", 
      "debugName": "", 
      "declNode": "simple_var_decl", 
      "scope": semantic.id.NominalId(u32)(3), 
      "flags": {"s_comptime":false,"s_const":false,"s_member":false,"s_fn":false,"s_catch_param":false}, 
      "members": [], 
      "exports": [], 
      
    }, {
      "name": "c", 
      "debugName": "", 
      "declNode": "simple_var_decl", 
      "scope": semantic.id.NominalId(u32)(3), 
      "flags": {"s_comptime":false,"s_const":false,"s_member":false,"s_fn":false,"s_catch_param":false}, 
      "members": [], 
      "exports": [], 
      
    }, {
      "name": "as", 
      "debugName": "", 
      "declNode": "simple_var_decl", 
      "scope": semantic.id.NominalId(u32)(3), 
      "flags": {"s_comptime":false,"s_const":false,"s_member":false,"s_fn":false,"s_catch_param":false}, 
      "members": [], 
      "exports": [], 
      
    }, 
  ], 
  "scopes": {
    "id": semantic.id.NominalId(u32)(0), 
    "flags": [
      "top", 
      
    ], 
    "bindings": {
      "@This()": 0, 
      "std": 1, 
      "Managed": 2, 
      "main": 3, 
      
    }, "children": [
      {
        "id": semantic.id.NominalId(u32)(1), 
        "flags": [
          
        ], 
        "bindings": {
          
        }, "children": [
          {
            "id": semantic.id.NominalId(u32)(2), 
            "flags": [
              "function", 
              
            ], 
            "bindings": {
              
            }, "children": [
              {
                "id": semantic.id.NominalId(u32)(3), 
                "flags": [
                  "block", 
                  
                ], 
                "bindings": {
                  "allocator": 4, 
                  "a": 5, 
                  "b": 6, 
                  "i": 7, 
                  "c": 8, 
                  "as": 9, 
                  
                }, "children": [
                  {
                    "id": semantic.id.NominalId(u32)(4), 
                    "flags": [
                      "block", 
                      
                    ], 
                    "bindings": {
                      
                    }, "children": [], 
                    
                  }, 
                ], 
              }, 
            ], 
          }, 
        ], 
      }, 
    ], 
  }, 
}