{
  "symbols": [
    {
      "name": "", 
      "debugName": "@This()", 
      "token": null, 
      "declNode": "root", 
      "scope": semantic.id.NominalId(u32)(0), 
      "flags": ["const"], 
      "references": [
        
      ], 
      "members": [1,2,3,4,5,6,7,8,9], 
      "exports": [], 
      
    }, 
    {
      "name": "std", 
      "debugName": "", 
      "token": 1, 
      "declNode": "simple_var_decl", 
      "scope": semantic.id.NominalId(u32)(0), 
      "flags": ["variable", "const"], 
      "references": [
        {"symbol":1,"scope":0,"node":"identifier","identifier":"std","flags":["read"]}, 
        {"symbol":1,"scope":2,"node":"identifier","identifier":"std","flags":["read"]}, 
        {"symbol":1,"scope":2,"node":"identifier","identifier":"std","flags":["read"]}, 
        {"symbol":1,"scope":2,"node":"identifier","identifier":"std","flags":["call"]}, 
        
      ], 
      "members": [], 
      "exports": [], 
      
    }, 
    {
      "name": "Managed", 
      "debugName": "", 
      "token": 9, 
      "declNode": "simple_var_decl", 
      "scope": semantic.id.NominalId(u32)(0), 
      "flags": ["variable", "const"], 
      "references": [
        {"symbol":2,"scope":2,"node":"identifier","identifier":"Managed","flags":["call"]}, 
        {"symbol":2,"scope":2,"node":"identifier","identifier":"Managed","flags":["call"]}, 
        {"symbol":2,"scope":2,"node":"identifier","identifier":"Managed","flags":["call"]}, 
        
      ], 
      "members": [], 
      "exports": [], 
      
    }, 
    {
      "name": "main", 
      "debugName": "", 
      "token": 23, 
      "declNode": "fn_decl", 
      "scope": semantic.id.NominalId(u32)(0), 
      "flags": ["fn"], 
      "references": [
        
      ], 
      "members": [], 
      "exports": [], 
      
    }, 
    {
      "name": "allocator", 
      "debugName": "", 
      "token": 31, 
      "declNode": "simple_var_decl", 
      "scope": semantic.id.NominalId(u32)(2), 
      "flags": ["variable", "const"], 
      "references": [
        {"symbol":4,"scope":2,"node":"identifier","identifier":"allocator","flags":["read"]}, 
        {"symbol":4,"scope":2,"node":"identifier","identifier":"allocator","flags":["read"]}, 
        {"symbol":4,"scope":2,"node":"identifier","identifier":"allocator","flags":["read"]}, 
        {"symbol":4,"scope":2,"node":"identifier","identifier":"allocator","flags":["read"]}, 
        {"symbol":4,"scope":2,"node":"identifier","identifier":"allocator","flags":["call"]}, 
        
      ], 
      "members": [], 
      "exports": [], 
      
    }, 
    {
      "name": "a", 
      "debugName": "", 
      "token": 40, 
      "declNode": "simple_var_decl", 
      "scope": semantic.id.NominalId(u32)(2), 
      "flags": ["variable"], 
      "references": [
        {"symbol":5,"scope":2,"node":"identifier","identifier":"a","flags":["call"]}, 
        {"symbol":5,"scope":3,"node":"identifier","identifier":"a","flags":["call"]}, 
        {"symbol":5,"scope":3,"node":"identifier","identifier":"a","flags":["call"]}, 
        {"symbol":5,"scope":2,"node":"identifier","identifier":"a","flags":["call"]}, 
        
      ], 
      "members": [], 
      "exports": [], 
      
    }, 
    {
      "name": "b", 
      "debugName": "", 
      "token": 60, 
      "declNode": "simple_var_decl", 
      "scope": semantic.id.NominalId(u32)(2), 
      "flags": ["variable"], 
      "references": [
        {"symbol":6,"scope":2,"node":"identifier","identifier":"b","flags":["call"]}, 
        {"symbol":6,"scope":3,"node":"identifier","identifier":"b","flags":["call"]}, 
        {"symbol":6,"scope":3,"node":"identifier","identifier":"b","flags":["read"]}, 
        {"symbol":6,"scope":3,"node":"identifier","identifier":"b","flags":["call"]}, 
        
      ], 
      "members": [], 
      "exports": [], 
      
    }, 
    {
      "name": "i", 
      "debugName": "", 
      "token": 80, 
      "declNode": "simple_var_decl", 
      "scope": semantic.id.NominalId(u32)(2), 
      "flags": ["variable"], 
      "references": [
        {"symbol":7,"scope":2,"node":"identifier","identifier":"i","flags":["read"]}, 
        {"symbol":7,"scope":2,"node":"identifier","identifier":"i","flags":["read","write"]}, 
        
      ], 
      "members": [], 
      "exports": [], 
      
    }, 
    {
      "name": "c", 
      "debugName": "", 
      "token": 87, 
      "declNode": "simple_var_decl", 
      "scope": semantic.id.NominalId(u32)(2), 
      "flags": ["variable"], 
      "references": [
        {"symbol":8,"scope":2,"node":"identifier","identifier":"c","flags":["call"]}, 
        {"symbol":8,"scope":3,"node":"identifier","identifier":"c","flags":["call"]}, 
        {"symbol":8,"scope":3,"node":"identifier","identifier":"c","flags":["read"]}, 
        
      ], 
      "members": [], 
      "exports": [], 
      
    }, 
    {
      "name": "as", 
      "debugName": "", 
      "token": 153, 
      "declNode": "simple_var_decl", 
      "scope": semantic.id.NominalId(u32)(2), 
      "flags": ["variable", "const"], 
      "references": [
        {"symbol":9,"scope":2,"node":"identifier","identifier":"as","flags":["read"]}, 
        {"symbol":9,"scope":2,"node":"identifier","identifier":"as","flags":["read"]}, 
        
      ], 
      "members": [], 
      "exports": [], 
      
    }, 
  ], 
  "unresolvedReferences": [],
  "scopes": {
    "id": semantic.id.NominalId(u32)(0), 
    "flags": ["top"], 
    "bindings": {
      "@This()": 0, 
      "std": 1, 
      "Managed": 2, 
      "main": 3, 
      
    }, 
    "children": [
      {
        "id": semantic.id.NominalId(u32)(1), 
        "flags": ["function"], 
        "bindings": {
          
        }, 
        "children": [
          {
            "id": semantic.id.NominalId(u32)(2), 
            "flags": ["function", "block"], 
            "bindings": {
              "allocator": 4, 
              "a": 5, 
              "b": 6, 
              "i": 7, 
              "c": 8, 
              "as": 9, 
              
            }, 
            "children": [
              {
                "id": semantic.id.NominalId(u32)(3), 
                "flags": ["block"], 
                "bindings": {
                  
                }, 
                "children": [], 
                
              }, 
            ], 
            
          }, 
        ], 
        
      }, 
    ], 
    
  }, 
}