{
  "symbols": [
    {
      "name": "", 
      "debugName": "@This()", 
      "declNode": "root", 
      "scope": semantic.id.NominalId(u32)(0), 
      "flags": {"s_comptime":false,"s_const":true,"s_member":false,"s_fn":false,"s_catch_param":false}, 
      "members": [1,2,3,4,5,6,7,8,9,10], 
      "exports": [], 
      
    }, {
      "name": "Box", 
      "debugName": "", 
      "declNode": "fn_decl", 
      "scope": semantic.id.NominalId(u32)(0), 
      "flags": {"s_comptime":false,"s_const":false,"s_member":false,"s_fn":true,"s_catch_param":false}, 
      "members": [], 
      "exports": [], 
      
    }, {
      "name": "inner", 
      "debugName": "", 
      "declNode": "container_field_init", 
      "scope": semantic.id.NominalId(u32)(4), 
      "flags": {"s_comptime":false,"s_const":false,"s_member":true,"s_fn":false,"s_catch_param":false}, 
      "members": [], 
      "exports": [], 
      
    }, {
      "name": "Self", 
      "debugName": "", 
      "declNode": "simple_var_decl", 
      "scope": semantic.id.NominalId(u32)(4), 
      "flags": {"s_comptime":false,"s_const":false,"s_member":false,"s_fn":false,"s_catch_param":false}, 
      "members": [], 
      "exports": [], 
      
    }, {
      "name": "deref", 
      "debugName": "", 
      "declNode": "fn_decl", 
      "scope": semantic.id.NominalId(u32)(4), 
      "flags": {"s_comptime":false,"s_const":false,"s_member":false,"s_fn":true,"s_catch_param":false}, 
      "members": [], 
      "exports": [], 
      
    }, {
      "name": "FixedIntArray", 
      "debugName": "", 
      "declNode": "fn_decl", 
      "scope": semantic.id.NominalId(u32)(0), 
      "flags": {"s_comptime":false,"s_const":false,"s_member":false,"s_fn":true,"s_catch_param":false}, 
      "members": [], 
      "exports": [], 
      
    }, {
      "name": "l", 
      "debugName": "", 
      "declNode": "simple_var_decl", 
      "scope": semantic.id.NominalId(u32)(10), 
      "flags": {"s_comptime":false,"s_const":false,"s_member":false,"s_fn":false,"s_catch_param":false}, 
      "members": [], 
      "exports": [], 
      
    }, {
      "name": "inner", 
      "debugName": "", 
      "declNode": "container_field_init", 
      "scope": semantic.id.NominalId(u32)(12), 
      "flags": {"s_comptime":false,"s_const":false,"s_member":true,"s_fn":false,"s_catch_param":false}, 
      "members": [], 
      "exports": [], 
      
    }, {
      "name": "add", 
      "debugName": "", 
      "declNode": "fn_decl", 
      "scope": semantic.id.NominalId(u32)(0), 
      "flags": {"s_comptime":false,"s_const":false,"s_member":false,"s_fn":true,"s_catch_param":false}, 
      "members": [], 
      "exports": [], 
      
    }, {
      "name": "c", 
      "debugName": "", 
      "declNode": "simple_var_decl", 
      "scope": semantic.id.NominalId(u32)(16), 
      "flags": {"s_comptime":false,"s_const":false,"s_member":false,"s_fn":false,"s_catch_param":false}, 
      "members": [], 
      "exports": [], 
      
    }, {
      "name": "a2", 
      "debugName": "", 
      "declNode": "simple_var_decl", 
      "scope": semantic.id.NominalId(u32)(15), 
      "flags": {"s_comptime":false,"s_const":false,"s_member":false,"s_fn":false,"s_catch_param":false}, 
      "members": [], 
      "exports": [], 
      
    }, 
  ], 
  "scopes": {
    "id": semantic.id.NominalId(u32)(0), 
    "flags": [
      "top", 
      
    ], 
    "bindings": {
      "@This()": 0, 
      "Box": 1, 
      "FixedIntArray": 5, 
      "add": 8, 
      
    }, "children": [
      {
        "id": semantic.id.NominalId(u32)(1), 
        "flags": [
          "comptime", 
          
        ], 
        "bindings": {
          
        }, "children": [
          {
            "id": semantic.id.NominalId(u32)(2), 
            "flags": [
              "function", 
              "comptime", 
              
            ], 
            "bindings": {
              
            }, "children": [
              {
                "id": semantic.id.NominalId(u32)(3), 
                "flags": [
                  "block", 
                  "comptime", 
                  
                ], 
                "bindings": {
                  
                }, "children": [
                  {
                    "id": semantic.id.NominalId(u32)(4), 
                    "flags": [
                      "block", 
                      "comptime", 
                      
                    ], 
                    "bindings": {
                      "inner": 2, 
                      "Self": 3, 
                      "deref": 4, 
                      
                    }, "children": [
                      {
                        "id": semantic.id.NominalId(u32)(5), 
                        "flags": [
                          
                        ], 
                        "bindings": {
                          
                        }, "children": [
                          {
                            "id": semantic.id.NominalId(u32)(6), 
                            "flags": [
                              "function", 
                              
                            ], 
                            "bindings": {
                              
                            }, "children": [
                              {
                                "id": semantic.id.NominalId(u32)(7), 
                                "flags": [
                                  "block", 
                                  
                                ], 
                                "bindings": {
                                  
                                }, "children": [], 
                                
                              }, 
                            ], 
                          }, 
                        ], 
                      }, 
                    ], 
                  }, 
                ], 
              }, 
            ], 
          }, 
        ], 
      }, {
        "id": semantic.id.NominalId(u32)(8), 
        "flags": [
          "comptime", 
          
        ], 
        "bindings": {
          
        }, "children": [
          {
            "id": semantic.id.NominalId(u32)(9), 
            "flags": [
              "function", 
              "comptime", 
              
            ], 
            "bindings": {
              
            }, "children": [
              {
                "id": semantic.id.NominalId(u32)(10), 
                "flags": [
                  "block", 
                  "comptime", 
                  
                ], 
                "bindings": {
                  "l": 6, 
                  
                }, "children": [
                  {
                    "id": semantic.id.NominalId(u32)(11), 
                    "flags": [
                      "block", 
                      "comptime", 
                      
                    ], 
                    "bindings": {
                      
                    }, "children": [], 
                    
                  }, {
                    "id": semantic.id.NominalId(u32)(12), 
                    "flags": [
                      "block", 
                      "comptime", 
                      
                    ], 
                    "bindings": {
                      "inner": 7, 
                      
                    }, "children": [], 
                    
                  }, 
                ], 
              }, 
            ], 
          }, 
        ], 
      }, {
        "id": semantic.id.NominalId(u32)(13), 
        "flags": [
          
        ], 
        "bindings": {
          
        }, "children": [
          {
            "id": semantic.id.NominalId(u32)(14), 
            "flags": [
              "function", 
              
            ], 
            "bindings": {
              
            }, "children": [
              {
                "id": semantic.id.NominalId(u32)(15), 
                "flags": [
                  "block", 
                  
                ], 
                "bindings": {
                  "a2": 10, 
                  
                }, "children": [
                  {
                    "id": semantic.id.NominalId(u32)(16), 
                    "flags": [
                      "block", 
                      "comptime", 
                      
                    ], 
                    "bindings": {
                      "c": 9, 
                      
                    }, "children": [
                      {
                        "id": semantic.id.NominalId(u32)(17), 
                        "flags": [
                          "block", 
                          "comptime", 
                          
                        ], 
                        "bindings": {
                          
                        }, "children": [], 
                        
                      }, 
                    ], 
                  }, 
                ], 
              }, 
            ], 
          }, 
        ], 
      }, 
    ], 
  }, 
}