{
  "symbols": [
    {
      "name": "", 
      "debugName": "@This()", 
      "declNode": "root", 
      "scope": semantic.id.NominalId(u32)(0), 
      "flags": ["const"], 
      "references": [
        
      ], 
      "members": [1,3,4,5,7,9,10,11,14,15], 
      "exports": [], 
      
    }, 
    {
      "name": "Box", 
      "debugName": "", 
      "declNode": "fn_decl", 
      "scope": semantic.id.NominalId(u32)(0), 
      "flags": ["fn"], 
      "references": [
        
      ], 
      "members": [], 
      "exports": [], 
      
    }, 
    {
      "name": "T", 
      "debugName": "", 
      "declNode": "identifier", 
      "scope": semantic.id.NominalId(u32)(1), 
      "flags": ["const", "fn_param"], 
      "references": [
        
      ], 
      "members": [], 
      "exports": [], 
      
    }, 
    {
      "name": "inner", 
      "debugName": "", 
      "declNode": "container_field_init", 
      "scope": semantic.id.NominalId(u32)(4), 
      "flags": ["member"], 
      "references": [
        
      ], 
      "members": [], 
      "exports": [], 
      
    }, 
    {
      "name": "Self", 
      "debugName": "", 
      "declNode": "simple_var_decl", 
      "scope": semantic.id.NominalId(u32)(4), 
      "flags": ["variable", "const"], 
      "references": [
        {"symbol":4,"scope":5,"node":"identifier","identifier":"Self","flags":["read"]}, 
        
      ], 
      "members": [], 
      "exports": [], 
      
    }, 
    {
      "name": "deref", 
      "debugName": "", 
      "declNode": "fn_decl", 
      "scope": semantic.id.NominalId(u32)(4), 
      "flags": ["fn"], 
      "references": [
        
      ], 
      "members": [], 
      "exports": [], 
      
    }, 
    {
      "name": "self", 
      "debugName": "", 
      "declNode": "ptr_type_aligned", 
      "scope": semantic.id.NominalId(u32)(5), 
      "flags": ["const", "fn_param"], 
      "references": [
        {"symbol":6,"scope":7,"node":"identifier","identifier":"self","flags":["read"]}, 
        
      ], 
      "members": [], 
      "exports": [], 
      
    }, 
    {
      "name": "FixedIntArray", 
      "debugName": "", 
      "declNode": "fn_decl", 
      "scope": semantic.id.NominalId(u32)(0), 
      "flags": ["fn"], 
      "references": [
        
      ], 
      "members": [], 
      "exports": [], 
      
    }, 
    {
      "name": "size", 
      "debugName": "", 
      "declNode": "identifier", 
      "scope": semantic.id.NominalId(u32)(8), 
      "flags": ["comptime", "const", "fn_param"], 
      "references": [
        
      ], 
      "members": [], 
      "exports": [], 
      
    }, 
    {
      "name": "l", 
      "debugName": "", 
      "declNode": "simple_var_decl", 
      "scope": semantic.id.NominalId(u32)(10), 
      "flags": ["variable"], 
      "references": [
        {"symbol":9,"scope":10,"node":"identifier","identifier":"l","flags":["read","write"]}, 
        {"symbol":9,"scope":10,"node":"identifier","identifier":"l","flags":["read"]}, 
        
      ], 
      "members": [], 
      "exports": [], 
      
    }, 
    {
      "name": "inner", 
      "debugName": "", 
      "declNode": "container_field_init", 
      "scope": semantic.id.NominalId(u32)(12), 
      "flags": ["member"], 
      "references": [
        
      ], 
      "members": [], 
      "exports": [], 
      
    }, 
    {
      "name": "add", 
      "debugName": "", 
      "declNode": "fn_decl", 
      "scope": semantic.id.NominalId(u32)(0), 
      "flags": ["fn"], 
      "references": [
        
      ], 
      "members": [], 
      "exports": [], 
      
    }, 
    {
      "name": "a", 
      "debugName": "", 
      "declNode": "identifier", 
      "scope": semantic.id.NominalId(u32)(13), 
      "flags": ["comptime", "const", "fn_param"], 
      "references": [
        {"symbol":12,"scope":16,"node":"identifier","identifier":"a","flags":["read"]}, 
        {"symbol":12,"scope":15,"node":"identifier","identifier":"a","flags":["read"]}, 
        
      ], 
      "members": [], 
      "exports": [], 
      
    }, 
    {
      "name": "b", 
      "debugName": "", 
      "declNode": "identifier", 
      "scope": semantic.id.NominalId(u32)(13), 
      "flags": ["const", "fn_param"], 
      "references": [
        {"symbol":13,"scope":15,"node":"identifier","identifier":"b","flags":["read"]}, 
        
      ], 
      "members": [], 
      "exports": [], 
      
    }, 
    {
      "name": "c", 
      "debugName": "", 
      "declNode": "simple_var_decl", 
      "scope": semantic.id.NominalId(u32)(16), 
      "flags": ["variable", "const"], 
      "references": [
        {"symbol":14,"scope":16,"node":"identifier","identifier":"c","flags":["read"]}, 
        
      ], 
      "members": [], 
      "exports": [], 
      
    }, 
    {
      "name": "a2", 
      "debugName": "", 
      "declNode": "simple_var_decl", 
      "scope": semantic.id.NominalId(u32)(15), 
      "flags": ["variable", "const"], 
      "references": [
        {"symbol":15,"scope":15,"node":"identifier","identifier":"a2","flags":["read"]}, 
        
      ], 
      "members": [], 
      "exports": [], 
      
    }, 
  ], 
  "unresolvedReferences": [
    {"symbol":null,"scope":1,"node":"identifier","identifier":"type","flags":["read"]}, 
    {"symbol":null,"scope":8,"node":"identifier","identifier":"usize","flags":["read"]}, 
    {"symbol":null,"scope":13,"node":"identifier","identifier":"isize","flags":["read"]}, 
    {"symbol":null,"scope":13,"node":"identifier","identifier":"usize","flags":["read"]}, 
    
  ], 
  "scopes": {
    "id": semantic.id.NominalId(u32)(0), 
    "flags": ["top"], 
    "bindings": {
      "@This()": 0, 
      "Box": 1, 
      "FixedIntArray": 7, 
      "add": 11, 
      
    }, 
    "children": [
      {
        "id": semantic.id.NominalId(u32)(1), 
        "flags": ["comptime"], 
        "bindings": {
          "T": 2, 
          
        }, 
        "children": [
          {
            "id": semantic.id.NominalId(u32)(2), 
            "flags": ["function", "comptime"], 
            "bindings": {
              
            }, 
            "children": [
              {
                "id": semantic.id.NominalId(u32)(3), 
                "flags": ["block", "comptime"], 
                "bindings": {
                  
                }, 
                "children": [
                  {
                    "id": semantic.id.NominalId(u32)(4), 
                    "flags": ["block", "comptime"], 
                    "bindings": {
                      "inner": 3, 
                      "Self": 4, 
                      "deref": 5, 
                      
                    }, 
                    "children": [
                      {
                        "id": semantic.id.NominalId(u32)(5), 
                        "flags": [], 
                        "bindings": {
                          "self": 6, 
                          
                        }, 
                        "children": [
                          {
                            "id": semantic.id.NominalId(u32)(6), 
                            "flags": ["function"], 
                            "bindings": {
                              
                            }, 
                            "children": [
                              {
                                "id": semantic.id.NominalId(u32)(7), 
                                "flags": ["block"], 
                                "bindings": {
                                  
                                }, 
                                "children": [], 
                                
                              }, 
                            ], 
                            
                          }, 
                        ], 
                        
                      }, 
                    ], 
                    
                  }, 
                ], 
                
              }, 
            ], 
            
          }, 
        ], 
        
      }, {
        "id": semantic.id.NominalId(u32)(8), 
        "flags": ["comptime"], 
        "bindings": {
          "size": 8, 
          
        }, 
        "children": [
          {
            "id": semantic.id.NominalId(u32)(9), 
            "flags": ["function", "comptime"], 
            "bindings": {
              
            }, 
            "children": [
              {
                "id": semantic.id.NominalId(u32)(10), 
                "flags": ["block", "comptime"], 
                "bindings": {
                  "l": 9, 
                  
                }, 
                "children": [
                  {
                    "id": semantic.id.NominalId(u32)(11), 
                    "flags": ["block", "comptime"], 
                    "bindings": {
                      
                    }, 
                    "children": [], 
                    
                  }, {
                    "id": semantic.id.NominalId(u32)(12), 
                    "flags": ["block", "comptime"], 
                    "bindings": {
                      "inner": 10, 
                      
                    }, 
                    "children": [], 
                    
                  }, 
                ], 
                
              }, 
            ], 
            
          }, 
        ], 
        
      }, {
        "id": semantic.id.NominalId(u32)(13), 
        "flags": [], 
        "bindings": {
          "a": 12, 
          "b": 13, 
          
        }, 
        "children": [
          {
            "id": semantic.id.NominalId(u32)(14), 
            "flags": ["function"], 
            "bindings": {
              
            }, 
            "children": [
              {
                "id": semantic.id.NominalId(u32)(15), 
                "flags": ["block"], 
                "bindings": {
                  "a2": 15, 
                  
                }, 
                "children": [
                  {
                    "id": semantic.id.NominalId(u32)(16), 
                    "flags": ["block", "comptime"], 
                    "bindings": {
                      "c": 14, 
                      
                    }, 
                    "children": [
                      {
                        "id": semantic.id.NominalId(u32)(17), 
                        "flags": ["block", "comptime"], 
                        "bindings": {
                          
                        }, 
                        "children": [], 
                        
                      }, 
                    ], 
                    
                  }, 
                ], 
                
              }, 
            ], 
            
          }, 
        ], 
        
      }, 
    ], 
    
  }, 
}