{
  "symbols": [
    {
      "name": "", 
      "debugName": "@This()", 
      "token": null, 
      "declNode": "root", 
      "scope": semantic.id.NominalId(u32)(0), 
      "flags": ["const", "struct"], 
      "references": [
        
      ], 
      "members": [1,3,4,5,7,9,10,11,14,15], 
      "exports": [], 
      
    }, 
    {
      "name": "Box", 
      "debugName": "", 
      "token": 1, 
      "declNode": "fn_decl", 
      "scope": semantic.id.NominalId(u32)(0), 
      "flags": ["fn"], 
      "references": [
        
      ], 
      "members": [], 
      "exports": [], 
      
    }, 
    {
      "name": "T", 
      "debugName": "", 
      "token": 3, 
      "declNode": "identifier", 
      "scope": semantic.id.NominalId(u32)(1), 
      "flags": ["const", "fn_param"], 
      "references": [
        {"symbol":2,"scope":4,"node":"identifier","identifier":"T","flags":["type"]}, 
        
      ], 
      "members": [], 
      "exports": [], 
      
    }, 
    {
      "name": "inner", 
      "debugName": "", 
      "token": 12, 
      "declNode": "container_field_init", 
      "scope": semantic.id.NominalId(u32)(3), 
      "flags": ["member", "struct"], 
      "references": [
        
      ], 
      "members": [], 
      "exports": [], 
      
    }, 
    {
      "name": "Self", 
      "debugName": "", 
      "token": 18, 
      "declNode": "simple_var_decl", 
      "scope": semantic.id.NominalId(u32)(3), 
      "flags": ["variable", "const"], 
      "references": [
        {"symbol":4,"scope":4,"node":"identifier","identifier":"Self","flags":["read"]}, 
        
      ], 
      "members": [], 
      "exports": [], 
      
    }, 
    {
      "name": "deref", 
      "debugName": "", 
      "token": 26, 
      "declNode": "fn_decl", 
      "scope": semantic.id.NominalId(u32)(3), 
      "flags": ["fn"], 
      "references": [
        
      ], 
      "members": [], 
      "exports": [], 
      
    }, 
    {
      "name": "self", 
      "debugName": "", 
      "token": 28, 
      "declNode": "ptr_type_aligned", 
      "scope": semantic.id.NominalId(u32)(4), 
      "flags": ["const", "fn_param"], 
      "references": [
        {"symbol":6,"scope":5,"node":"identifier","identifier":"self","flags":["read"]}, 
        
      ], 
      "members": [], 
      "exports": [], 
      
    }, 
    {
      "name": "FixedIntArray", 
      "debugName": "", 
      "token": 46, 
      "declNode": "fn_decl", 
      "scope": semantic.id.NominalId(u32)(0), 
      "flags": ["fn"], 
      "references": [
        
      ], 
      "members": [], 
      "exports": [], 
      
    }, 
    {
      "name": "size", 
      "debugName": "", 
      "token": 49, 
      "declNode": "identifier", 
      "scope": semantic.id.NominalId(u32)(6), 
      "flags": ["comptime", "const", "fn_param"], 
      "references": [
        
      ], 
      "members": [], 
      "exports": [], 
      
    }, 
    {
      "name": "l", 
      "debugName": "", 
      "token": 56, 
      "declNode": "simple_var_decl", 
      "scope": semantic.id.NominalId(u32)(7), 
      "flags": ["variable"], 
      "references": [
        {"symbol":9,"scope":7,"node":"identifier","identifier":"l","flags":["read","write"]}, 
        {"symbol":9,"scope":7,"node":"identifier","identifier":"l","flags":["read"]}, 
        
      ], 
      "members": [], 
      "exports": [], 
      
    }, 
    {
      "name": "inner", 
      "debugName": "", 
      "token": 80, 
      "declNode": "container_field_init", 
      "scope": semantic.id.NominalId(u32)(11), 
      "flags": ["member", "struct"], 
      "references": [
        
      ], 
      "members": [], 
      "exports": [], 
      
    }, 
    {
      "name": "add", 
      "debugName": "", 
      "token": 91, 
      "declNode": "fn_decl", 
      "scope": semantic.id.NominalId(u32)(0), 
      "flags": ["fn"], 
      "references": [
        
      ], 
      "members": [], 
      "exports": [], 
      
    }, 
    {
      "name": "a", 
      "debugName": "", 
      "token": 94, 
      "declNode": "identifier", 
      "scope": semantic.id.NominalId(u32)(12), 
      "flags": ["comptime", "const", "fn_param"], 
      "references": [
        {"symbol":12,"scope":14,"node":"identifier","identifier":"a","flags":["read"]}, 
        {"symbol":12,"scope":13,"node":"identifier","identifier":"a","flags":["read"]}, 
        
      ], 
      "members": [], 
      "exports": [], 
      
    }, 
    {
      "name": "b", 
      "debugName": "", 
      "token": 98, 
      "declNode": "identifier", 
      "scope": semantic.id.NominalId(u32)(12), 
      "flags": ["const", "fn_param"], 
      "references": [
        {"symbol":13,"scope":13,"node":"identifier","identifier":"b","flags":["read"]}, 
        
      ], 
      "members": [], 
      "exports": [], 
      
    }, 
    {
      "name": "c", 
      "debugName": "", 
      "token": 107, 
      "declNode": "simple_var_decl", 
      "scope": semantic.id.NominalId(u32)(14), 
      "flags": ["variable", "const"], 
      "references": [
        {"symbol":14,"scope":14,"node":"identifier","identifier":"c","flags":["read"]}, 
        
      ], 
      "members": [], 
      "exports": [], 
      
    }, 
    {
      "name": "a2", 
      "debugName": "", 
      "token": 126, 
      "declNode": "simple_var_decl", 
      "scope": semantic.id.NominalId(u32)(13), 
      "flags": ["variable", "const"], 
      "references": [
        {"symbol":15,"scope":13,"node":"identifier","identifier":"a2","flags":["read"]}, 
        
      ], 
      "members": [], 
      "exports": [], 
      
    }, 
  ], 
  "unresolvedReferences": [],
  "scopes": {
    "id": semantic.id.NominalId(u32)(0), 
    "flags": ["top"], 
    "bindings": {
      "@This()": 0, 
      "Box": 1, 
      "FixedIntArray": 7, 
      "add": 11, 
      
    }, 
    "children": [
      {
        "id": semantic.id.NominalId(u32)(1), 
        "flags": ["function", "comptime"], 
        "bindings": {
          "T": 2, 
          
        }, 
        "children": [
          {
            "id": semantic.id.NominalId(u32)(2), 
            "flags": ["function", "block", "comptime"], 
            "bindings": {
              
            }, 
            "children": [
              {
                "id": semantic.id.NominalId(u32)(3), 
                "flags": ["struct", "block", "comptime"], 
                "bindings": {
                  "inner": 3, 
                  "Self": 4, 
                  "deref": 5, 
                  
                }, 
                "children": [
                  {
                    "id": semantic.id.NominalId(u32)(4), 
                    "flags": ["function"], 
                    "bindings": {
                      "self": 6, 
                      
                    }, 
                    "children": [
                      {
                        "id": semantic.id.NominalId(u32)(5), 
                        "flags": ["function", "block"], 
                        "bindings": {
                          
                        }, 
                        "children": [], 
                        
                      }, 
                    ], 
                    
                  }, 
                ], 
                
              }, 
            ], 
            
          }, 
        ], 
        
      }, {
        "id": semantic.id.NominalId(u32)(6), 
        "flags": ["function", "comptime"], 
        "bindings": {
          "size": 8, 
          
        }, 
        "children": [
          {
            "id": semantic.id.NominalId(u32)(7), 
            "flags": ["function", "block", "comptime"], 
            "bindings": {
              "l": 9, 
              
            }, 
            "children": [
              {
                "id": semantic.id.NominalId(u32)(8), 
                "flags": ["comptime"], 
                "bindings": {
                  
                }, 
                "children": [
                  {
                    "id": semantic.id.NominalId(u32)(9), 
                    "flags": ["block", "comptime"], 
                    "bindings": {
                      
                    }, 
                    "children": [], 
                    
                  }, 
                ], 
                
              }, {
                "id": semantic.id.NominalId(u32)(10), 
                "flags": ["comptime"], 
                "bindings": {
                  
                }, 
                "children": [], 
                
              }, {
                "id": semantic.id.NominalId(u32)(11), 
                "flags": ["struct", "block", "comptime"], 
                "bindings": {
                  "inner": 10, 
                  
                }, 
                "children": [], 
                
              }, 
            ], 
            
          }, 
        ], 
        
      }, {
        "id": semantic.id.NominalId(u32)(12), 
        "flags": ["function"], 
        "bindings": {
          "a": 12, 
          "b": 13, 
          
        }, 
        "children": [
          {
            "id": semantic.id.NominalId(u32)(13), 
            "flags": ["function", "block"], 
            "bindings": {
              "a2": 15, 
              
            }, 
            "children": [
              {
                "id": semantic.id.NominalId(u32)(14), 
                "flags": ["block", "comptime"], 
                "bindings": {
                  "c": 14, 
                  
                }, 
                "children": [
                  {
                    "id": semantic.id.NominalId(u32)(15), 
                    "flags": ["comptime"], 
                    "bindings": {
                      
                    }, 
                    "children": [
                      {
                        "id": semantic.id.NominalId(u32)(16), 
                        "flags": ["block", "comptime"], 
                        "bindings": {
                          
                        }, 
                        "children": [], 
                        
                      }, 
                    ], 
                    
                  }, {
                    "id": semantic.id.NominalId(u32)(17), 
                    "flags": ["comptime"], 
                    "bindings": {
                      
                    }, 
                    "children": [], 
                    
                  }, 
                ], 
                
              }, 
            ], 
            
          }, 
        ], 
        
      }, 
    ], 
    
  }, 
}