{
  "symbols": [
    {
      "name": "", 
      "debugName": "@This()", 
      "token": null, 
      "declNode": "root", 
      "scope": semantic.id.NominalId(u32)(0), 
      "flags": ["const"], 
      "references": [
        
      ], 
      "members": [1,3], 
      "exports": [], 
      
    }, 
    {
      "name": "foo", 
      "debugName": "", 
      "token": 2, 
      "declNode": "fn_decl", 
      "scope": semantic.id.NominalId(u32)(0), 
      "flags": ["fn"], 
      "references": [
        
      ], 
      "members": [], 
      "exports": [], 
      
    }, 
    {
      "name": "a", 
      "debugName": "", 
      "token": 4, 
      "declNode": "identifier", 
      "scope": semantic.id.NominalId(u32)(1), 
      "flags": ["const", "fn_param"], 
      "references": [
        {"symbol":2,"scope":2,"node":"identifier","identifier":"a","flags":["read"]}, 
        
      ], 
      "members": [], 
      "exports": [], 
      
    }, 
    {
      "name": "inner", 
      "debugName": "", 
      "token": 11, 
      "declNode": "simple_var_decl", 
      "scope": semantic.id.NominalId(u32)(2), 
      "flags": ["variable", "const"], 
      "references": [
        {"symbol":3,"scope":2,"node":"identifier","identifier":"inner","flags":["call"]}, 
        
      ], 
      "members": [4], 
      "exports": [], 
      
    }, 
    {
      "name": "bar", 
      "debugName": "", 
      "token": 16, 
      "declNode": "fn_decl", 
      "scope": semantic.id.NominalId(u32)(3), 
      "flags": ["fn"], 
      "references": [
        
      ], 
      "members": [], 
      "exports": [], 
      
    }, 
    {
      "name": "b", 
      "debugName": "", 
      "token": 18, 
      "declNode": "identifier", 
      "scope": semantic.id.NominalId(u32)(4), 
      "flags": ["const", "fn_param"], 
      "references": [
        {"symbol":5,"scope":5,"node":"identifier","identifier":"b","flags":["read"]}, 
        
      ], 
      "members": [], 
      "exports": [], 
      
    }, 
  ], 
  "unresolvedReferences": [
    {"symbol":null,"scope":1,"node":"identifier","identifier":"u32","flags":["read"]}, 
    {"symbol":null,"scope":4,"node":"identifier","identifier":"u32","flags":["read"]}, 
    
  ], 
  "scopes": {
    "id": semantic.id.NominalId(u32)(0), 
    "flags": ["top"], 
    "bindings": {
      "@This()": 0, 
      "foo": 1, 
      
    }, 
    "children": [
      {
        "id": semantic.id.NominalId(u32)(1), 
        "flags": ["function"], 
        "bindings": {
          "a": 2, 
          
        }, 
        "children": [
          {
            "id": semantic.id.NominalId(u32)(2), 
            "flags": ["function", "block"], 
            "bindings": {
              "inner": 3, 
              
            }, 
            "children": [
              {
                "id": semantic.id.NominalId(u32)(3), 
                "flags": ["struct", "block"], 
                "bindings": {
                  "bar": 4, 
                  
                }, 
                "children": [
                  {
                    "id": semantic.id.NominalId(u32)(4), 
                    "flags": ["function"], 
                    "bindings": {
                      "b": 5, 
                      
                    }, 
                    "children": [
                      {
                        "id": semantic.id.NominalId(u32)(5), 
                        "flags": ["function", "block"], 
                        "bindings": {
                          
                        }, 
                        "children": [], 
                        
                      }, 
                    ], 
                    
                  }, 
                ], 
                
              }, 
            ], 
            
          }, 
        ], 
        
      }, 
    ], 
    
  }, 
}