{
  "symbols": [
    {
      "name": "", 
      "debugName": "@This()", 
      "declNode": "root", 
      "scope": semantic.id.NominalId(u32)(0), 
      "flags": ["const"], 
      "references": [
        
      ], 
      "members": [1,3], 
      "exports": [], 
      
    }, 
    {
      "name": "foo", 
      "debugName": "", 
      "declNode": "fn_decl", 
      "scope": semantic.id.NominalId(u32)(0), 
      "flags": ["fn"], 
      "references": [
        
      ], 
      "members": [], 
      "exports": [], 
      
    }, 
    {
      "name": "a", 
      "debugName": "", 
      "declNode": "identifier", 
      "scope": semantic.id.NominalId(u32)(1), 
      "flags": ["const", "fn_param"], 
      "references": [
        {"symbol":2,"scope":3,"node":"identifier","identifier":"a","flags":{"read":true,"write":false,"call":false,"type":false,"member":false,"_":0}}, 
        
      ], 
      "members": [], 
      "exports": [], 
      
    }, 
    {
      "name": "inner", 
      "debugName": "", 
      "declNode": "simple_var_decl", 
      "scope": semantic.id.NominalId(u32)(3), 
      "flags": [], 
      "references": [
        {"symbol":3,"scope":3,"node":"identifier","identifier":"inner","flags":{"read":true,"write":false,"call":false,"type":false,"member":false,"_":0}}, 
        
      ], 
      "members": [4], 
      "exports": [], 
      
    }, 
    {
      "name": "bar", 
      "debugName": "", 
      "declNode": "fn_decl", 
      "scope": semantic.id.NominalId(u32)(4), 
      "flags": ["fn"], 
      "references": [
        
      ], 
      "members": [], 
      "exports": [], 
      
    }, 
    {
      "name": "b", 
      "debugName": "", 
      "declNode": "identifier", 
      "scope": semantic.id.NominalId(u32)(5), 
      "flags": ["const", "fn_param"], 
      "references": [
        {"symbol":5,"scope":7,"node":"identifier","identifier":"b","flags":{"read":true,"write":false,"call":false,"type":false,"member":false,"_":0}}, 
        
      ], 
      "members": [], 
      "exports": [], 
      
    }, 
  ], 
  "unresolvedReferences": [
    {"symbol":null,"scope":1,"node":"identifier","identifier":"u32","flags":{"read":true,"write":false,"call":false,"type":false,"member":false,"_":0}}, 
    {"symbol":null,"scope":5,"node":"identifier","identifier":"u32","flags":{"read":true,"write":false,"call":false,"type":false,"member":false,"_":0}}, 
    
  ], 
  "scopes": {
    "id": semantic.id.NominalId(u32)(0), 
    "flags": ["top"], 
    "bindings": {
      "@This()": 0, 
      "foo": 1, 
      
    }, 
    "children": [
      {
        "id": semantic.id.NominalId(u32)(1), 
        "flags": [], 
        "bindings": {
          "a": 2, 
          
        }, 
        "children": [
          {
            "id": semantic.id.NominalId(u32)(2), 
            "flags": ["function"], 
            "bindings": {
              
            }, 
            "children": [
              {
                "id": semantic.id.NominalId(u32)(3), 
                "flags": ["block"], 
                "bindings": {
                  "inner": 3, 
                  
                }, 
                "children": [
                  {
                    "id": semantic.id.NominalId(u32)(4), 
                    "flags": ["block"], 
                    "bindings": {
                      "bar": 4, 
                      
                    }, 
                    "children": [
                      {
                        "id": semantic.id.NominalId(u32)(5), 
                        "flags": [], 
                        "bindings": {
                          "b": 5, 
                          
                        }, 
                        "children": [
                          {
                            "id": semantic.id.NominalId(u32)(6), 
                            "flags": ["function"], 
                            "bindings": {
                              
                            }, 
                            "children": [
                              {
                                "id": semantic.id.NominalId(u32)(7), 
                                "flags": ["block"], 
                                "bindings": {
                                  
                                }, 
                                "children": [], 
                                
                              }, 
                            ], 
                            
                          }, 
                        ], 
                        
                      }, 
                    ], 
                    
                  }, 
                ], 
                
              }, 
            ], 
            
          }, 
        ], 
        
      }, 
    ], 
    
  }, 
}