{
  "symbols": [
    {
      "name": "", 
      "debugName": "@This()", 
      "declNode": "root", 
      "scope": 0, 
      "flags": {"s_comptime":false,"s_const":true,"s_member":false,"s_fn":false}, 
      "members": [1,2], 
      "exports": [], 
      
    }, {
      "name": "foo", 
      "debugName": "", 
      "declNode": "fn_decl", 
      "scope": 0, 
      "flags": {"s_comptime":false,"s_const":false,"s_member":false,"s_fn":true}, 
      "members": [], 
      "exports": [], 
      
    }, {
      "name": "inner", 
      "debugName": "", 
      "declNode": "simple_var_decl", 
      "scope": 3, 
      "flags": {"s_comptime":false,"s_const":false,"s_member":false,"s_fn":false}, 
      "members": [3], 
      "exports": [], 
      
    }, {
      "name": "bar", 
      "debugName": "", 
      "declNode": "fn_decl", 
      "scope": 4, 
      "flags": {"s_comptime":false,"s_const":false,"s_member":false,"s_fn":true}, 
      "members": [], 
      "exports": [], 
      
    }, 
  ], 
  "scopes": {
    "id": 0, 
    "flags": [
      "top", 
      
    ], 
    "children": [
      {
        "id": 1, 
        "flags": [
          
        ], 
        "children": [
          {
            "id": 2, 
            "flags": [
              "function", 
              
            ], 
            "children": [
              {
                "id": 3, 
                "flags": [
                  "block", 
                  
                ], 
                "children": [
                  {
                    "id": 4, 
                    "flags": [
                      "block", 
                      
                    ], 
                    "children": [
                      {
                        "id": 5, 
                        "flags": [
                          
                        ], 
                        "children": [
                          {
                            "id": 6, 
                            "flags": [
                              "function", 
                              
                            ], 
                            "children": [
                              {
                                "id": 7, 
                                "flags": [
                                  "block", 
                                  
                                ], 
                                "children": [], 
                                
                              }, 
                            ], 
                          }, 
                        ], 
                      }, 
                    ], 
                  }, 
                ], 
              }, 
            ], 
          }, 
        ], 
      }, 
    ], 
  }, 
}