{
  "symbols": [
    {
      "name": "@This()", 
      "declNode": "root", 
      "scope": 0, 
      "flags": {"s_comptime":false,"s_const":true,"s_member":false,"s_fn":false}, 
      "members": [1,2,3,4], 
      "exports": [], 
      
    }, {
      "name": "std", 
      "declNode": "simple_var_decl", 
      "scope": 0, 
      "flags": {"s_comptime":false,"s_const":false,"s_member":false,"s_fn":false}, 
      "members": [], 
      "exports": [], 
      
    }, {
      "name": "bad", 
      "declNode": "simple_var_decl", 
      "scope": 0, 
      "flags": {"s_comptime":false,"s_const":false,"s_member":false,"s_fn":false}, 
      "members": [], 
      "exports": [], 
      
    }, {
      "name": "good", 
      "declNode": "simple_var_decl", 
      "scope": 0, 
      "flags": {"s_comptime":false,"s_const":false,"s_member":false,"s_fn":false}, 
      "members": [], 
      "exports": [], 
      
    }, {
      "name": "Foo", 
      "declNode": "simple_var_decl", 
      "scope": 0, 
      "flags": {"s_comptime":false,"s_const":false,"s_member":false,"s_fn":false}, 
      "members": [5,6,7], 
      "exports": [], 
      
    }, {
      "name": "foo", 
      "declNode": "container_field_init", 
      "scope": 1, 
      "flags": {"s_comptime":false,"s_const":false,"s_member":true,"s_fn":false}, 
      "members": [], 
      "exports": [], 
      
    }, {
      "name": "Bar", 
      "declNode": "simple_var_decl", 
      "scope": 1, 
      "flags": {"s_comptime":false,"s_const":false,"s_member":false,"s_fn":false}, 
      "members": [], 
      "exports": [], 
      
    }, {
      "name": "baz", 
      "declNode": "fn_decl", 
      "scope": 1, 
      "flags": {"s_comptime":false,"s_const":false,"s_member":false,"s_fn":true}, 
      "members": [], 
      "exports": [], 
      
    }, 
  ], 
  "scopes": {
    "id": 0, 
    "flags": [
      "top", 
      
    ], 
    "children": [
      {
        "id": 1, 
        "flags": [
          "block", 
          
        ], 
        "children": [
          {
            "id": 2, 
            "flags": [
              
            ], 
            "children": [
              {
                "id": 3, 
                "flags": [
                  "function", 
                  
                ], 
                "children": [
                  {
                    "id": 4, 
                    "flags": [
                      "block", 
                      
                    ], 
                    "children": [], 
                    
                  }, 
                ], 
              }, 
            ], 
          }, 
        ], 
      }, 
    ], 
  }, 
}