{
  "symbols": [
    {
      "name": "@This()", 
      "declNode": 0, 
      "scope": 0, 
      "flags": {"s_comptime":false,"s_const":true,"s_member":false}, 
      "members": [], 
      "exports": [], 
      
    }, {
      "name": "std", 
      "declNode": 1, 
      "scope": 0, 
      "flags": {"s_comptime":false,"s_const":false,"s_member":false}, 
      "members": [], 
      "exports": [], 
      
    }, {
      "name": "bad", 
      "declNode": 6, 
      "scope": 0, 
      "flags": {"s_comptime":false,"s_const":false,"s_member":false}, 
      "members": [], 
      "exports": [], 
      
    }, {
      "name": "good", 
      "declNode": 11, 
      "scope": 0, 
      "flags": {"s_comptime":false,"s_const":false,"s_member":false}, 
      "members": [], 
      "exports": [], 
      
    }, {
      "name": "Foo", 
      "declNode": 13, 
      "scope": 0, 
      "flags": {"s_comptime":false,"s_const":false,"s_member":false}, 
      "members": [5], 
      "exports": [], 
      
    }, {
      "name": "foo", 
      "declNode": 16, 
      "scope": 1, 
      "flags": {"s_comptime":false,"s_const":false,"s_member":true}, 
      "members": [], 
      "exports": [], 
      
    }, {
      "name": "Bar", 
      "declNode": 18, 
      "scope": 1, 
      "flags": {"s_comptime":false,"s_const":false,"s_member":false}, 
      "members": [], 
      "exports": [], 
      
    }, 
  ], 
  "scopes": {
    "id": 0, 
    "flags": [
      "top", 
      
    ], "children": [
      {
        "id": 1, 
        "flags": [
          "block", 
          
        ], "children": [], 
        
      }, 
    ], 
  }, 
}