{
  "symbols": [
    {
      "name": "@This()", 
      "declNode": "root", 
      "scope": 0, 
      "flags": {"s_comptime":false,"s_const":true,"s_member":false,"s_fn":false}, 
      "members": [1,2,3,4,5,6], 
      "exports": [], 
      
    }, {
      "name": "std", 
      "declNode": "simple_var_decl", 
      "scope": 0, 
      "flags": {"s_comptime":false,"s_const":false,"s_member":false,"s_fn":false}, 
      "members": [], 
      "exports": [], 
      
    }, {
      "name": "forOverArr", 
      "declNode": "fn_decl", 
      "scope": 0, 
      "flags": {"s_comptime":false,"s_const":false,"s_member":false,"s_fn":true}, 
      "members": [], 
      "exports": [], 
      
    }, {
      "name": "arr", 
      "declNode": "simple_var_decl", 
      "scope": 3, 
      "flags": {"s_comptime":false,"s_const":false,"s_member":false,"s_fn":false}, 
      "members": [], 
      "exports": [], 
      
    }, {
      "name": "power_of_two", 
      "declNode": "simple_var_decl", 
      "scope": 4, 
      "flags": {"s_comptime":false,"s_const":false,"s_member":false,"s_fn":false}, 
      "members": [], 
      "exports": [], 
      
    }, {
      "name": "forWithMultiBindingClosure", 
      "declNode": "fn_decl", 
      "scope": 0, 
      "flags": {"s_comptime":false,"s_const":false,"s_member":false,"s_fn":true}, 
      "members": [], 
      "exports": [], 
      
    }, {
      "name": "mat4x4", 
      "declNode": "simple_var_decl", 
      "scope": 7, 
      "flags": {"s_comptime":false,"s_const":false,"s_member":false,"s_fn":false}, 
      "members": [], 
      "exports": [], 
      
    }, 
  ], 
  "scopes": {
    "id": 0, 
    "flags": [
      "top", 
      
    ], 
    "children": [
      {
        "id": 1, 
        "flags": [
          
        ], 
        "children": [
          {
            "id": 2, 
            "flags": [
              "function", 
              
            ], 
            "children": [
              {
                "id": 3, 
                "flags": [
                  "block", 
                  
                ], 
                "children": [
                  {
                    "id": 4, 
                    "flags": [
                      "block", 
                      
                    ], 
                    "children": [], 
                    
                  }, 
                ], 
              }, 
            ], 
          }, 
        ], 
      }, {
        "id": 5, 
        "flags": [
          
        ], 
        "children": [
          {
            "id": 6, 
            "flags": [
              "function", 
              
            ], 
            "children": [
              {
                "id": 7, 
                "flags": [
                  "block", 
                  
                ], 
                "children": [
                  {
                    "id": 8, 
                    "flags": [
                      "block", 
                      
                    ], 
                    "children": [
                      {
                        "id": 9, 
                        "flags": [
                          "block", 
                          
                        ], 
                        "children": [
                          {
                            "id": 10, 
                            "flags": [
                              "block", 
                              
                            ], 
                            "children": [], 
                            
                          }, 
                        ], 
                      }, 
                    ], 
                  }, 
                ], 
              }, 
            ], 
          }, 
        ], 
      }, 
    ], 
  }, 
}