{
  "symbols": [
    {
      "name": "", 
      "debugName": "@This()", 
      "declNode": "root", 
      "scope": semantic.id.NominalId(u32)(0), 
      "flags": ["const"], 
      "references": [
        
      ], 
      "members": [1,2,3,4,5,6], 
      "exports": [], 
      
    }, 
    {
      "name": "std", 
      "debugName": "", 
      "declNode": "simple_var_decl", 
      "scope": semantic.id.NominalId(u32)(0), 
      "flags": [], 
      "references": [
        {"symbol":1,"scope":4,"node":"identifier","identifier":"std","flags":{"read":true,"write":false,"call":false,"type":false,"member":false,"_":0}}, 
        {"symbol":1,"scope":10,"node":"identifier","identifier":"std","flags":{"read":true,"write":false,"call":false,"type":false,"member":false,"_":0}}, 
        
      ], 
      "members": [], 
      "exports": [], 
      
    }, 
    {
      "name": "forOverArr", 
      "debugName": "", 
      "declNode": "fn_decl", 
      "scope": semantic.id.NominalId(u32)(0), 
      "flags": ["fn"], 
      "references": [
        
      ], 
      "members": [], 
      "exports": [], 
      
    }, 
    {
      "name": "arr", 
      "debugName": "", 
      "declNode": "simple_var_decl", 
      "scope": semantic.id.NominalId(u32)(3), 
      "flags": [], 
      "references": [
        {"symbol":3,"scope":3,"node":"identifier","identifier":"arr","flags":{"read":true,"write":false,"call":false,"type":false,"member":false,"_":0}}, 
        
      ], 
      "members": [], 
      "exports": [], 
      
    }, 
    {
      "name": "power_of_two", 
      "debugName": "", 
      "declNode": "simple_var_decl", 
      "scope": semantic.id.NominalId(u32)(4), 
      "flags": [], 
      "references": [
        {"symbol":4,"scope":4,"node":"identifier","identifier":"power_of_two","flags":{"read":true,"write":false,"call":false,"type":false,"member":false,"_":0}}, 
        
      ], 
      "members": [], 
      "exports": [], 
      
    }, 
    {
      "name": "forWithMultiBindingClosure", 
      "debugName": "", 
      "declNode": "fn_decl", 
      "scope": semantic.id.NominalId(u32)(0), 
      "flags": ["fn"], 
      "references": [
        
      ], 
      "members": [], 
      "exports": [], 
      
    }, 
    {
      "name": "mat4x4", 
      "debugName": "", 
      "declNode": "simple_var_decl", 
      "scope": semantic.id.NominalId(u32)(7), 
      "flags": [], 
      "references": [
        {"symbol":6,"scope":7,"node":"identifier","identifier":"mat4x4","flags":{"read":true,"write":false,"call":false,"type":false,"member":false,"_":0}}, 
        
      ], 
      "members": [], 
      "exports": [], 
      
    }, 
  ], 
  "unresolvedReferences": [
    {"symbol":null,"scope":4,"node":"identifier","identifier":"i","flags":{"read":true,"write":false,"call":false,"type":false,"member":false,"_":0}}, 
    {"symbol":null,"scope":4,"node":"identifier","identifier":"i","flags":{"read":true,"write":false,"call":false,"type":false,"member":false,"_":0}}, 
    {"symbol":null,"scope":8,"node":"identifier","identifier":"row","flags":{"read":true,"write":false,"call":false,"type":false,"member":false,"_":0}}, 
    {"symbol":null,"scope":9,"node":"identifier","identifier":"row_index","flags":{"read":true,"write":false,"call":false,"type":false,"member":false,"_":0}}, 
    {"symbol":null,"scope":9,"node":"identifier","identifier":"column_index","flags":{"read":true,"write":false,"call":false,"type":false,"member":false,"_":0}}, 
    {"symbol":null,"scope":10,"node":"identifier","identifier":"cell","flags":{"read":true,"write":false,"call":false,"type":false,"member":false,"_":0}}, 
    
  ], 
  "scopes": {
    "id": semantic.id.NominalId(u32)(0), 
    "flags": ["top"], 
    "bindings": {
      "@This()": 0, 
      "std": 1, 
      "forOverArr": 2, 
      "forWithMultiBindingClosure": 5, 
      
    }, 
    "children": [
      {
        "id": semantic.id.NominalId(u32)(1), 
        "flags": [], 
        "bindings": {
          
        }, 
        "children": [
          {
            "id": semantic.id.NominalId(u32)(2), 
            "flags": ["function"], 
            "bindings": {
              
            }, 
            "children": [
              {
                "id": semantic.id.NominalId(u32)(3), 
                "flags": ["block"], 
                "bindings": {
                  "arr": 3, 
                  
                }, 
                "children": [
                  {
                    "id": semantic.id.NominalId(u32)(4), 
                    "flags": ["block"], 
                    "bindings": {
                      "power_of_two": 4, 
                      
                    }, 
                    "children": [], 
                    
                  }, 
                ], 
                
              }, 
            ], 
            
          }, 
        ], 
        
      }, {
        "id": semantic.id.NominalId(u32)(5), 
        "flags": [], 
        "bindings": {
          
        }, 
        "children": [
          {
            "id": semantic.id.NominalId(u32)(6), 
            "flags": ["function"], 
            "bindings": {
              
            }, 
            "children": [
              {
                "id": semantic.id.NominalId(u32)(7), 
                "flags": ["block"], 
                "bindings": {
                  "mat4x4": 6, 
                  
                }, 
                "children": [
                  {
                    "id": semantic.id.NominalId(u32)(8), 
                    "flags": ["block"], 
                    "bindings": {
                      
                    }, 
                    "children": [
                      {
                        "id": semantic.id.NominalId(u32)(9), 
                        "flags": ["block"], 
                        "bindings": {
                          
                        }, 
                        "children": [
                          {
                            "id": semantic.id.NominalId(u32)(10), 
                            "flags": ["block"], 
                            "bindings": {
                              
                            }, 
                            "children": [], 
                            
                          }, 
                        ], 
                        
                      }, 
                    ], 
                    
                  }, 
                ], 
                
              }, 
            ], 
            
          }, 
        ], 
        
      }, 
    ], 
    
  }, 
}