{
  "symbols": [
    {
      "name": "", 
      "debugName": "@This()", 
      "declNode": "root", 
      "scope": semantic.id.NominalId(u32)(0), 
      "flags": ["const"], 
      "references": [
        
      ], 
      "members": [1,2,3,4,5,6,7,8,9,10,11,12,13,14,18], 
      "exports": [], 
      
    }, 
    {
      "name": "std", 
      "debugName": "", 
      "declNode": "simple_var_decl", 
      "scope": semantic.id.NominalId(u32)(0), 
      "flags": ["variable", "const"], 
      "references": [
        {"symbol":1,"scope":4,"node":"identifier","identifier":"std","flags":["read"]}, 
        {"symbol":1,"scope":8,"node":"identifier","identifier":"std","flags":["read"]}, 
        {"symbol":1,"scope":13,"node":"identifier","identifier":"std","flags":["read"]}, 
        
      ], 
      "members": [], 
      "exports": [], 
      
    }, 
    {
      "name": "simpleWhile", 
      "debugName": "", 
      "declNode": "fn_decl", 
      "scope": semantic.id.NominalId(u32)(0), 
      "flags": ["fn"], 
      "references": [
        
      ], 
      "members": [], 
      "exports": [], 
      
    }, 
    {
      "name": "i", 
      "debugName": "", 
      "declNode": "simple_var_decl", 
      "scope": semantic.id.NominalId(u32)(3), 
      "flags": ["variable"], 
      "references": [
        {"symbol":3,"scope":3,"node":"identifier","identifier":"i","flags":["read"]}, 
        {"symbol":3,"scope":4,"node":"identifier","identifier":"i","flags":["read"]}, 
        {"symbol":3,"scope":4,"node":"identifier","identifier":"i","flags":["read"]}, 
        {"symbol":3,"scope":4,"node":"identifier","identifier":"i","flags":["read","write"]}, 
        
      ], 
      "members": [], 
      "exports": [], 
      
    }, 
    {
      "name": "power_of_two", 
      "debugName": "", 
      "declNode": "simple_var_decl", 
      "scope": semantic.id.NominalId(u32)(4), 
      "flags": ["variable", "const"], 
      "references": [
        {"symbol":4,"scope":4,"node":"identifier","identifier":"power_of_two","flags":["read"]}, 
        
      ], 
      "members": [], 
      "exports": [], 
      
    }, 
    {
      "name": "whileWithClosure", 
      "debugName": "", 
      "declNode": "fn_decl", 
      "scope": semantic.id.NominalId(u32)(0), 
      "flags": ["fn"], 
      "references": [
        
      ], 
      "members": [], 
      "exports": [], 
      
    }, 
    {
      "name": "map", 
      "debugName": "", 
      "declNode": "simple_var_decl", 
      "scope": semantic.id.NominalId(u32)(7), 
      "flags": ["variable"], 
      "references": [
        {"symbol":6,"scope":7,"node":"identifier","identifier":"map","flags":["read"]}, 
        {"symbol":6,"scope":7,"node":"identifier","identifier":"map","flags":["read"]}, 
        {"symbol":6,"scope":7,"node":"identifier","identifier":"map","flags":["read"]}, 
        
      ], 
      "members": [], 
      "exports": [], 
      
    }, 
    {
      "name": "iter", 
      "debugName": "", 
      "declNode": "simple_var_decl", 
      "scope": semantic.id.NominalId(u32)(7), 
      "flags": ["variable", "const"], 
      "references": [
        {"symbol":7,"scope":7,"node":"identifier","identifier":"iter","flags":["read"]}, 
        
      ], 
      "members": [], 
      "exports": [], 
      
    }, 
    {
      "name": "k", 
      "debugName": "", 
      "declNode": "simple_var_decl", 
      "scope": semantic.id.NominalId(u32)(8), 
      "flags": ["variable", "const"], 
      "references": [
        {"symbol":8,"scope":8,"node":"identifier","identifier":"k","flags":["read"]}, 
        
      ], 
      "members": [], 
      "exports": [], 
      
    }, 
    {
      "name": "v", 
      "debugName": "", 
      "declNode": "simple_var_decl", 
      "scope": semantic.id.NominalId(u32)(8), 
      "flags": ["variable", "const"], 
      "references": [
        {"symbol":9,"scope":8,"node":"identifier","identifier":"v","flags":["read"]}, 
        
      ], 
      "members": [], 
      "exports": [], 
      
    }, 
    {
      "name": "whileWithExpr", 
      "debugName": "", 
      "declNode": "fn_decl", 
      "scope": semantic.id.NominalId(u32)(0), 
      "flags": ["fn"], 
      "references": [
        
      ], 
      "members": [], 
      "exports": [], 
      
    }, 
    {
      "name": "x", 
      "debugName": "", 
      "declNode": "simple_var_decl", 
      "scope": semantic.id.NominalId(u32)(11), 
      "flags": ["variable"], 
      "references": [
        {"symbol":11,"scope":11,"node":"identifier","identifier":"x","flags":["read"]}, 
        {"symbol":11,"scope":12,"node":"identifier","identifier":"x","flags":["read","write"]}, 
        {"symbol":11,"scope":13,"node":"identifier","identifier":"x","flags":["read"]}, 
        
      ], 
      "members": [], 
      "exports": [], 
      
    }, 
    {
      "name": "y", 
      "debugName": "", 
      "declNode": "simple_var_decl", 
      "scope": semantic.id.NominalId(u32)(11), 
      "flags": ["variable"], 
      "references": [
        {"symbol":12,"scope":11,"node":"identifier","identifier":"y","flags":["read"]}, 
        {"symbol":12,"scope":12,"node":"identifier","identifier":"y","flags":["read","write"]}, 
        {"symbol":12,"scope":13,"node":"identifier","identifier":"y","flags":["read"]}, 
        
      ], 
      "members": [], 
      "exports": [], 
      
    }, 
    {
      "name": "my_xy", 
      "debugName": "", 
      "declNode": "simple_var_decl", 
      "scope": semantic.id.NominalId(u32)(13), 
      "flags": ["variable", "const"], 
      "references": [
        {"symbol":13,"scope":13,"node":"identifier","identifier":"my_xy","flags":["read"]}, 
        
      ], 
      "members": [], 
      "exports": [], 
      
    }, 
    {
      "name": "rangeHasNumber", 
      "debugName": "", 
      "declNode": "fn_decl", 
      "scope": semantic.id.NominalId(u32)(0), 
      "flags": ["fn"], 
      "references": [
        
      ], 
      "members": [], 
      "exports": [], 
      
    }, 
    {
      "name": "begin", 
      "debugName": "", 
      "declNode": "identifier", 
      "scope": semantic.id.NominalId(u32)(14), 
      "flags": ["const", "fn_param"], 
      "references": [
        {"symbol":15,"scope":16,"node":"identifier","identifier":"begin","flags":["read"]}, 
        
      ], 
      "members": [], 
      "exports": [], 
      
    }, 
    {
      "name": "end", 
      "debugName": "", 
      "declNode": "identifier", 
      "scope": semantic.id.NominalId(u32)(14), 
      "flags": ["const", "fn_param"], 
      "references": [
        {"symbol":16,"scope":16,"node":"identifier","identifier":"end","flags":["read"]}, 
        
      ], 
      "members": [], 
      "exports": [], 
      
    }, 
    {
      "name": "number", 
      "debugName": "", 
      "declNode": "identifier", 
      "scope": semantic.id.NominalId(u32)(14), 
      "flags": ["const", "fn_param"], 
      "references": [
        {"symbol":17,"scope":17,"node":"identifier","identifier":"number","flags":["read"]}, 
        
      ], 
      "members": [], 
      "exports": [], 
      
    }, 
    {
      "name": "i", 
      "debugName": "", 
      "declNode": "simple_var_decl", 
      "scope": semantic.id.NominalId(u32)(16), 
      "flags": ["variable"], 
      "references": [
        {"symbol":18,"scope":16,"node":"identifier","identifier":"i","flags":["read"]}, 
        {"symbol":18,"scope":16,"node":"identifier","identifier":"i","flags":["read","write"]}, 
        {"symbol":18,"scope":17,"node":"identifier","identifier":"i","flags":["read"]}, 
        
      ], 
      "members": [], 
      "exports": [], 
      
    }, 
  ], 
  "unresolvedReferences": [
    {"symbol":null,"scope":8,"node":"identifier","identifier":"ent","flags":["read"]}, 
    {"symbol":null,"scope":8,"node":"identifier","identifier":"ent","flags":["read"]}, 
    {"symbol":null,"scope":14,"node":"identifier","identifier":"usize","flags":["read"]}, 
    {"symbol":null,"scope":14,"node":"identifier","identifier":"usize","flags":["read"]}, 
    {"symbol":null,"scope":14,"node":"identifier","identifier":"usize","flags":["read"]}, 
    {"symbol":null,"scope":19,"node":"identifier","identifier":"true","flags":["read"]}, 
    {"symbol":null,"scope":16,"node":"identifier","identifier":"false","flags":["read"]}, 
    
  ], 
  "scopes": {
    "id": semantic.id.NominalId(u32)(0), 
    "flags": ["top"], 
    "bindings": {
      "@This()": 0, 
      "std": 1, 
      "simpleWhile": 2, 
      "whileWithClosure": 5, 
      "whileWithExpr": 10, 
      "rangeHasNumber": 14, 
      
    }, 
    "children": [
      {
        "id": semantic.id.NominalId(u32)(1), 
        "flags": [], 
        "bindings": {
          
        }, 
        "children": [
          {
            "id": semantic.id.NominalId(u32)(2), 
            "flags": ["function"], 
            "bindings": {
              
            }, 
            "children": [
              {
                "id": semantic.id.NominalId(u32)(3), 
                "flags": ["block"], 
                "bindings": {
                  "i": 3, 
                  
                }, 
                "children": [
                  {
                    "id": semantic.id.NominalId(u32)(4), 
                    "flags": ["block"], 
                    "bindings": {
                      "power_of_two": 4, 
                      
                    }, 
                    "children": [], 
                    
                  }, 
                ], 
                
              }, 
            ], 
            
          }, 
        ], 
        
      }, {
        "id": semantic.id.NominalId(u32)(5), 
        "flags": [], 
        "bindings": {
          
        }, 
        "children": [
          {
            "id": semantic.id.NominalId(u32)(6), 
            "flags": ["function"], 
            "bindings": {
              
            }, 
            "children": [
              {
                "id": semantic.id.NominalId(u32)(7), 
                "flags": ["block"], 
                "bindings": {
                  "map": 6, 
                  "iter": 7, 
                  
                }, 
                "children": [
                  {
                    "id": semantic.id.NominalId(u32)(8), 
                    "flags": ["block"], 
                    "bindings": {
                      "k": 8, 
                      "v": 9, 
                      
                    }, 
                    "children": [], 
                    
                  }, 
                ], 
                
              }, 
            ], 
            
          }, 
        ], 
        
      }, {
        "id": semantic.id.NominalId(u32)(9), 
        "flags": [], 
        "bindings": {
          
        }, 
        "children": [
          {
            "id": semantic.id.NominalId(u32)(10), 
            "flags": ["function"], 
            "bindings": {
              
            }, 
            "children": [
              {
                "id": semantic.id.NominalId(u32)(11), 
                "flags": ["block"], 
                "bindings": {
                  "x": 11, 
                  "y": 12, 
                  
                }, 
                "children": [
                  {
                    "id": semantic.id.NominalId(u32)(12), 
                    "flags": ["block"], 
                    "bindings": {
                      
                    }, 
                    "children": [], 
                    
                  }, {
                    "id": semantic.id.NominalId(u32)(13), 
                    "flags": ["block"], 
                    "bindings": {
                      "my_xy": 13, 
                      
                    }, 
                    "children": [], 
                    
                  }, 
                ], 
                
              }, 
            ], 
            
          }, 
        ], 
        
      }, {
        "id": semantic.id.NominalId(u32)(14), 
        "flags": [], 
        "bindings": {
          "begin": 15, 
          "end": 16, 
          "number": 17, 
          
        }, 
        "children": [
          {
            "id": semantic.id.NominalId(u32)(15), 
            "flags": ["function"], 
            "bindings": {
              
            }, 
            "children": [
              {
                "id": semantic.id.NominalId(u32)(16), 
                "flags": ["block"], 
                "bindings": {
                  "i": 18, 
                  
                }, 
                "children": [
                  {
                    "id": semantic.id.NominalId(u32)(17), 
                    "flags": ["block"], 
                    "bindings": {
                      
                    }, 
                    "children": [
                      {
                        "id": semantic.id.NominalId(u32)(18), 
                        "flags": [], 
                        "bindings": {
                          
                        }, 
                        "children": [
                          {
                            "id": semantic.id.NominalId(u32)(19), 
                            "flags": ["block"], 
                            "bindings": {
                              
                            }, 
                            "children": [], 
                            
                          }, 
                        ], 
                        
                      }, {
                        "id": semantic.id.NominalId(u32)(20), 
                        "flags": [], 
                        "bindings": {
                          
                        }, 
                        "children": [], 
                        
                      }, 
                    ], 
                    
                  }, 
                ], 
                
              }, 
            ], 
            
          }, 
        ], 
        
      }, 
    ], 
    
  }, 
}