{
  "symbols": [
    {
      "name": "", 
      "debugName": "@This()", 
      "declNode": "root", 
      "scope": 0, 
      "flags": {"s_comptime":false,"s_const":true,"s_member":false,"s_fn":false,"s_catch_param":false}, 
      "members": [1,2,3,4,5,6,7,8,9,10,11,12,13,14,15], 
      "exports": [], 
      
    }, {
      "name": "std", 
      "debugName": "", 
      "declNode": "simple_var_decl", 
      "scope": 0, 
      "flags": {"s_comptime":false,"s_const":false,"s_member":false,"s_fn":false,"s_catch_param":false}, 
      "members": [], 
      "exports": [], 
      
    }, {
      "name": "simpleWhile", 
      "debugName": "", 
      "declNode": "fn_decl", 
      "scope": 0, 
      "flags": {"s_comptime":false,"s_const":false,"s_member":false,"s_fn":true,"s_catch_param":false}, 
      "members": [], 
      "exports": [], 
      
    }, {
      "name": "i", 
      "debugName": "", 
      "declNode": "simple_var_decl", 
      "scope": 3, 
      "flags": {"s_comptime":false,"s_const":false,"s_member":false,"s_fn":false,"s_catch_param":false}, 
      "members": [], 
      "exports": [], 
      
    }, {
      "name": "power_of_two", 
      "debugName": "", 
      "declNode": "simple_var_decl", 
      "scope": 4, 
      "flags": {"s_comptime":false,"s_const":false,"s_member":false,"s_fn":false,"s_catch_param":false}, 
      "members": [], 
      "exports": [], 
      
    }, {
      "name": "whileWithClosure", 
      "debugName": "", 
      "declNode": "fn_decl", 
      "scope": 0, 
      "flags": {"s_comptime":false,"s_const":false,"s_member":false,"s_fn":true,"s_catch_param":false}, 
      "members": [], 
      "exports": [], 
      
    }, {
      "name": "map", 
      "debugName": "", 
      "declNode": "simple_var_decl", 
      "scope": 7, 
      "flags": {"s_comptime":false,"s_const":false,"s_member":false,"s_fn":false,"s_catch_param":false}, 
      "members": [], 
      "exports": [], 
      
    }, {
      "name": "iter", 
      "debugName": "", 
      "declNode": "simple_var_decl", 
      "scope": 7, 
      "flags": {"s_comptime":false,"s_const":false,"s_member":false,"s_fn":false,"s_catch_param":false}, 
      "members": [], 
      "exports": [], 
      
    }, {
      "name": "k", 
      "debugName": "", 
      "declNode": "simple_var_decl", 
      "scope": 8, 
      "flags": {"s_comptime":false,"s_const":false,"s_member":false,"s_fn":false,"s_catch_param":false}, 
      "members": [], 
      "exports": [], 
      
    }, {
      "name": "v", 
      "debugName": "", 
      "declNode": "simple_var_decl", 
      "scope": 8, 
      "flags": {"s_comptime":false,"s_const":false,"s_member":false,"s_fn":false,"s_catch_param":false}, 
      "members": [], 
      "exports": [], 
      
    }, {
      "name": "whileWithExpr", 
      "debugName": "", 
      "declNode": "fn_decl", 
      "scope": 0, 
      "flags": {"s_comptime":false,"s_const":false,"s_member":false,"s_fn":true,"s_catch_param":false}, 
      "members": [], 
      "exports": [], 
      
    }, {
      "name": "x", 
      "debugName": "", 
      "declNode": "simple_var_decl", 
      "scope": 11, 
      "flags": {"s_comptime":false,"s_const":false,"s_member":false,"s_fn":false,"s_catch_param":false}, 
      "members": [], 
      "exports": [], 
      
    }, {
      "name": "y", 
      "debugName": "", 
      "declNode": "simple_var_decl", 
      "scope": 11, 
      "flags": {"s_comptime":false,"s_const":false,"s_member":false,"s_fn":false,"s_catch_param":false}, 
      "members": [], 
      "exports": [], 
      
    }, {
      "name": "my_xy", 
      "debugName": "", 
      "declNode": "simple_var_decl", 
      "scope": 13, 
      "flags": {"s_comptime":false,"s_const":false,"s_member":false,"s_fn":false,"s_catch_param":false}, 
      "members": [], 
      "exports": [], 
      
    }, {
      "name": "rangeHasNumber", 
      "debugName": "", 
      "declNode": "fn_decl", 
      "scope": 0, 
      "flags": {"s_comptime":false,"s_const":false,"s_member":false,"s_fn":true,"s_catch_param":false}, 
      "members": [], 
      "exports": [], 
      
    }, {
      "name": "i", 
      "debugName": "", 
      "declNode": "simple_var_decl", 
      "scope": 16, 
      "flags": {"s_comptime":false,"s_const":false,"s_member":false,"s_fn":false,"s_catch_param":false}, 
      "members": [], 
      "exports": [], 
      
    }, 
  ], 
  "scopes": {
    "id": 0, 
    "flags": [
      "top", 
      
    ], 
    "bindings": {
      "@This()": 0, 
      "std": 1, 
      "simpleWhile": 2, 
      "whileWithClosure": 5, 
      "whileWithExpr": 10, 
      "rangeHasNumber": 14, 
      
    }, "children": [
      {
        "id": 1, 
        "flags": [
          
        ], 
        "bindings": {
          
        }, "children": [
          {
            "id": 2, 
            "flags": [
              "function", 
              
            ], 
            "bindings": {
              
            }, "children": [
              {
                "id": 3, 
                "flags": [
                  "block", 
                  
                ], 
                "bindings": {
                  "i": 3, 
                  
                }, "children": [
                  {
                    "id": 4, 
                    "flags": [
                      "block", 
                      
                    ], 
                    "bindings": {
                      "power_of_two": 4, 
                      
                    }, "children": [], 
                    
                  }, 
                ], 
              }, 
            ], 
          }, 
        ], 
      }, {
        "id": 5, 
        "flags": [
          
        ], 
        "bindings": {
          
        }, "children": [
          {
            "id": 6, 
            "flags": [
              "function", 
              
            ], 
            "bindings": {
              
            }, "children": [
              {
                "id": 7, 
                "flags": [
                  "block", 
                  
                ], 
                "bindings": {
                  "map": 6, 
                  "iter": 7, 
                  
                }, "children": [
                  {
                    "id": 8, 
                    "flags": [
                      "block", 
                      
                    ], 
                    "bindings": {
                      "k": 8, 
                      "v": 9, 
                      
                    }, "children": [], 
                    
                  }, 
                ], 
              }, 
            ], 
          }, 
        ], 
      }, {
        "id": 9, 
        "flags": [
          
        ], 
        "bindings": {
          
        }, "children": [
          {
            "id": 10, 
            "flags": [
              "function", 
              
            ], 
            "bindings": {
              
            }, "children": [
              {
                "id": 11, 
                "flags": [
                  "block", 
                  
                ], 
                "bindings": {
                  "x": 11, 
                  "y": 12, 
                  
                }, "children": [
                  {
                    "id": 12, 
                    "flags": [
                      "block", 
                      
                    ], 
                    "bindings": {
                      
                    }, "children": [], 
                    
                  }, {
                    "id": 13, 
                    "flags": [
                      "block", 
                      
                    ], 
                    "bindings": {
                      "my_xy": 13, 
                      
                    }, "children": [], 
                    
                  }, 
                ], 
              }, 
            ], 
          }, 
        ], 
      }, {
        "id": 14, 
        "flags": [
          
        ], 
        "bindings": {
          
        }, "children": [
          {
            "id": 15, 
            "flags": [
              "function", 
              
            ], 
            "bindings": {
              
            }, "children": [
              {
                "id": 16, 
                "flags": [
                  "block", 
                  
                ], 
                "bindings": {
                  "i": 15, 
                  
                }, "children": [
                  {
                    "id": 17, 
                    "flags": [
                      "block", 
                      
                    ], 
                    "bindings": {
                      
                    }, "children": [
                      {
                        "id": 18, 
                        "flags": [
                          "block", 
                          
                        ], 
                        "bindings": {
                          
                        }, "children": [], 
                        
                      }, 
                    ], 
                  }, 
                ], 
              }, 
            ], 
          }, 
        ], 
      }, 
    ], 
  }, 
}