{
  "symbols": [
    {
      "name": "@This()", 
      "declNode": 0, 
      "scope": 0, 
      "flags": {"s_comptime":false,"s_const":true,"s_member":false,"s_fn":false}, 
      "members": [1,2,3,4,5,6], 
      "exports": [], 
      
    }, {
      "name": "std", 
      "declNode": 1, 
      "scope": 0, 
      "flags": {"s_comptime":false,"s_const":false,"s_member":false,"s_fn":false}, 
      "members": [], 
      "exports": [], 
      
    }, {
      "name": "forOverArr", 
      "declNode": 6, 
      "scope": 0, 
      "flags": {"s_comptime":false,"s_const":false,"s_member":false,"s_fn":true}, 
      "members": [], 
      "exports": [], 
      
    }, {
      "name": "arr", 
      "declNode": 7, 
      "scope": 2, 
      "flags": {"s_comptime":false,"s_const":false,"s_member":false,"s_fn":false}, 
      "members": [], 
      "exports": [], 
      
    }, {
      "name": "power_of_two", 
      "declNode": 18, 
      "scope": 2, 
      "flags": {"s_comptime":false,"s_const":false,"s_member":false,"s_fn":false}, 
      "members": [], 
      "exports": [], 
      
    }, {
      "name": "forWithMultiBindingClosure", 
      "declNode": 35, 
      "scope": 0, 
      "flags": {"s_comptime":false,"s_const":false,"s_member":false,"s_fn":true}, 
      "members": [], 
      "exports": [], 
      
    }, {
      "name": "mat4x4", 
      "declNode": 36, 
      "scope": 4, 
      "flags": {"s_comptime":false,"s_const":false,"s_member":false,"s_fn":false}, 
      "members": [], 
      "exports": [], 
      
    }, 
  ], 
  "scopes": {
    "id": 0, 
    "flags": [
      "top", 
      
    ], 
    "children": [
      {
        "id": 1, 
        "flags": [
          
        ], 
        "children": [
          {
            "id": 2, 
            "flags": [
              "function", 
              
            ], 
            "children": [], 
            
          }, 
        ], 
      }, {
        "id": 3, 
        "flags": [
          
        ], 
        "children": [
          {
            "id": 4, 
            "flags": [
              "function", 
              
            ], 
            "children": [], 
            
          }, 
        ], 
      }, 
    ], 
  }, 
}