{
  "symbols": [
    {
      "name": "", 
      "debugName": "@This()", 
      "token": null, 
      "declNode": "root", 
      "scope": util.id.NominalId(u32)(0), 
      "flags": ["const"], 
      "references": [
        
      ], 
      "members": [1], 
      "exports": [], 
      
    }, 
    {
      "name": "Foo", 
      "debugName": "", 
      "token": 2, 
      "declNode": "simple_var_decl", 
      "scope": util.id.NominalId(u32)(0), 
      "flags": ["variable", "const", "struct"], 
      "references": [
        
      ], 
      "members": [2,3,4], 
      "exports": [], 
      
    }, 
    {
      "name": "a", 
      "debugName": "", 
      "token": 6, 
      "declNode": "container_field_init", 
      "scope": util.id.NominalId(u32)(1), 
      "flags": ["member", "struct"], 
      "references": [
        
      ], 
      "members": [], 
      "exports": [], 
      
    }, 
    {
      "name": "B", 
      "debugName": "", 
      "token": 11, 
      "declNode": "simple_var_decl", 
      "scope": util.id.NominalId(u32)(1), 
      "flags": ["variable", "const"], 
      "references": [
        
      ], 
      "members": [], 
      "exports": [], 
      
    }, 
    {
      "name": "C", 
      "debugName": "", 
      "token": 19, 
      "declNode": "simple_var_decl", 
      "scope": util.id.NominalId(u32)(1), 
      "flags": ["variable", "const"], 
      "references": [
        
      ], 
      "members": [], 
      "exports": [], 
      
    }, 
  ], 
  "unresolvedReferences": [],
  "scopes": {
    "id": util.id.NominalId(u32)(0), 
    "flags": ["top"], 
    "bindings": {
      "@This()": 0, 
      "Foo": 1, 
      
    }, 
    "children": [
      {
        "id": util.id.NominalId(u32)(1), 
        "flags": ["struct", "block"], 
        "bindings": {
          "a": 2, 
          "B": 3, 
          "C": 4, 
          
        }, 
        "children": [], 
        
      }, 
    ], 
    
  }, 
}