{
  "symbols": [
    {
      "name": "", 
      "debugName": "@This()", 
      "declNode": "root", 
      "scope": semantic.id.NominalId(u32)(0), 
      "flags": {"s_comptime":false,"s_const":true,"s_member":false,"s_fn":false,"s_catch_param":false}, 
      "references": [
        
      ], 
      "members": [1], 
      "exports": [], 
      
    }, {
      "name": "Foo", 
      "debugName": "", 
      "declNode": "simple_var_decl", 
      "scope": semantic.id.NominalId(u32)(0), 
      "flags": {"s_comptime":false,"s_const":false,"s_member":false,"s_fn":false,"s_catch_param":false}, 
      "references": [
        
      ], 
      "members": [2,3,4], 
      "exports": [], 
      
    }, {
      "name": "a", 
      "debugName": "", 
      "declNode": "container_field_init", 
      "scope": semantic.id.NominalId(u32)(1), 
      "flags": {"s_comptime":false,"s_const":false,"s_member":true,"s_fn":false,"s_catch_param":false}, 
      "references": [
        
      ], 
      "members": [], 
      "exports": [], 
      
    }, {
      "name": "B", 
      "debugName": "", 
      "declNode": "simple_var_decl", 
      "scope": semantic.id.NominalId(u32)(1), 
      "flags": {"s_comptime":false,"s_const":false,"s_member":false,"s_fn":false,"s_catch_param":false}, 
      "references": [
        
      ], 
      "members": [], 
      "exports": [], 
      
    }, {
      "name": "C", 
      "debugName": "", 
      "declNode": "simple_var_decl", 
      "scope": semantic.id.NominalId(u32)(1), 
      "flags": {"s_comptime":false,"s_const":false,"s_member":false,"s_fn":false,"s_catch_param":false}, 
      "references": [
        
      ], 
      "members": [], 
      "exports": [], 
      
    }, 
  ], 
  "unresolvedReferences": [],
  "scopes": {
    "id": semantic.id.NominalId(u32)(0), 
    "flags": [
      "top", 
      
    ], 
    "bindings": {
      "@This()": 0, 
      "Foo": 1, 
      
    }, 
    "children": [
      {
        "id": semantic.id.NominalId(u32)(1), 
        "flags": [
          "block", 
          
        ], 
        "bindings": {
          "a": 2, 
          "B": 3, 
          "C": 4, 
          
        }, 
        "children": [], 
        
      }, 
    ], 
    
  }, 
}