{
  "symbols": [
    {
      "name": "", 
      "debugName": "@This()", 
      "token": null, 
      "declNode": "root", 
      "scope": util.id.NominalId(u32)(0), 
      "flags": ["const"], 
      "references": [
        
      ], 
      "members": [1,2,3,4], 
      "exports": [], 
      
    }, 
    {
      "name": "a", 
      "debugName": "", 
      "token": 0, 
      "declNode": "container_field_init", 
      "scope": util.id.NominalId(u32)(0), 
      "flags": ["member","struct"], 
      "references": [
        
      ], 
      "members": [], 
      "exports": [], 
      
    }, 
    {
      "name": "b", 
      "debugName": "", 
      "token": 4, 
      "declNode": "container_field_init", 
      "scope": util.id.NominalId(u32)(0), 
      "flags": ["member","struct"], 
      "references": [
        
      ], 
      "members": [], 
      "exports": [], 
      
    }, 
    {
      "name": "Foo", 
      "debugName": "", 
      "token": 14, 
      "declNode": "simple_var_decl", 
      "scope": util.id.NominalId(u32)(0), 
      "flags": ["variable","const"], 
      "references": [
        {"symbol":3,"scope":1,"node":"identifier","identifier":"Foo","flags":["type"]}, 
        {"symbol":3,"scope":2,"node":"identifier","identifier":"Foo","flags":["read"]}, 
        
      ], 
      "members": [], 
      "exports": [], 
      
    }, 
    {
      "name": "new", 
      "debugName": "", 
      "token": 22, 
      "declNode": "fn_decl", 
      "scope": util.id.NominalId(u32)(0), 
      "flags": ["fn"], 
      "references": [
        
      ], 
      "members": [], 
      "exports": [], 
      
    }, 
  ], 
  "unresolvedReferences": [],
  "scopes": {
    "id": util.id.NominalId(u32)(0), 
    "flags": ["top"], 
    "bindings": {
      "@This()": 0, 
      "a": 1, 
      "b": 2, 
      "Foo": 3, 
      "new": 4, 
      
    }, 
    "children": [
      {
        "id": util.id.NominalId(u32)(1), 
        "flags": ["function"], 
        "bindings": {
          
        }, 
        "children": [
          {
            "id": util.id.NominalId(u32)(2), 
            "flags": ["function","block"], 
            "bindings": {
              
            }, 
            "children": [], 
            
          }, 
        ], 
        
      }, 
    ], 
    
  }, 
}