{
  "symbols": [
    {
      "name": "", 
      "debugName": "@This()", 
      "token": null, 
      "declNode": "root", 
      "scope": util.id.NominalId(u32)(0), 
      "flags": ["const"], 
      "references": [
        
      ], 
      "members": [1], 
      "exports": [], 
      
    }, 
    {
      "name": "foo", 
      "debugName": "", 
      "token": 1, 
      "declNode": "simple_var_decl", 
      "scope": util.id.NominalId(u32)(0), 
      "flags": ["variable","const"], 
      "references": [
        
      ], 
      "members": [], 
      "exports": [], 
      
    }, 
  ], 
  "unresolvedReferences": [],
  "modules": {
    "imports": [
      {
        "specifier": "this/file/doesnotexist.zig", 
        "node": 3, 
        "kind": "file", 
        
      }, 
    ], 
  }, 
  "scopes": {
    "id": util.id.NominalId(u32)(0), 
    "flags": ["top"], 
    "bindings": {
      "@This()": 0, 
      "foo": 1, 
      
    }, 
    "children": [], 
    
  }, 
}