{
  "symbols": [
    {
      "name": "", 
      "debugName": "@This()", 
      "declNode": "root", 
      "scope": semantic.id.NominalId(u32)(0), 
      "flags": {"s_comptime":false,"s_const":true,"s_member":false,"s_fn":false,"s_catch_param":false}, 
      "members": [1], 
      "exports": [], 
      
    }, {
      "name": "Writer", 
      "debugName": "", 
      "declNode": "simple_var_decl", 
      "scope": semantic.id.NominalId(u32)(0), 
      "flags": {"s_comptime":false,"s_const":false,"s_member":false,"s_fn":false,"s_catch_param":false}, 
      "members": [2,3,4,5,6,7,10], 
      "exports": [], 
      
    }, {
      "name": "ptr", 
      "debugName": "", 
      "declNode": "container_field_init", 
      "scope": semantic.id.NominalId(u32)(1), 
      "flags": {"s_comptime":false,"s_const":false,"s_member":true,"s_fn":false,"s_catch_param":false}, 
      "members": [], 
      "exports": [], 
      
    }, {
      "name": "writeAllFn", 
      "debugName": "", 
      "declNode": "container_field_init", 
      "scope": semantic.id.NominalId(u32)(1), 
      "flags": {"s_comptime":false,"s_const":false,"s_member":true,"s_fn":false,"s_catch_param":false}, 
      "members": [], 
      "exports": [], 
      
    }, {
      "name": "init", 
      "debugName": "", 
      "declNode": "fn_decl", 
      "scope": semantic.id.NominalId(u32)(1), 
      "flags": {"s_comptime":false,"s_const":false,"s_member":false,"s_fn":true,"s_catch_param":false}, 
      "members": [], 
      "exports": [], 
      
    }, {
      "name": "T", 
      "debugName": "", 
      "declNode": "simple_var_decl", 
      "scope": semantic.id.NominalId(u32)(4), 
      "flags": {"s_comptime":false,"s_const":false,"s_member":false,"s_fn":false,"s_catch_param":false}, 
      "members": [], 
      "exports": [], 
      
    }, {
      "name": "ptr_info", 
      "debugName": "", 
      "declNode": "simple_var_decl", 
      "scope": semantic.id.NominalId(u32)(4), 
      "flags": {"s_comptime":false,"s_const":false,"s_member":false,"s_fn":false,"s_catch_param":false}, 
      "members": [], 
      "exports": [], 
      
    }, {
      "name": "gen", 
      "debugName": "", 
      "declNode": "simple_var_decl", 
      "scope": semantic.id.NominalId(u32)(4), 
      "flags": {"s_comptime":false,"s_const":false,"s_member":false,"s_fn":false,"s_catch_param":false}, 
      "members": [8,9], 
      "exports": [], 
      
    }, {
      "name": "writeAll", 
      "debugName": "", 
      "declNode": "fn_decl", 
      "scope": semantic.id.NominalId(u32)(5), 
      "flags": {"s_comptime":false,"s_const":false,"s_member":false,"s_fn":true,"s_catch_param":false}, 
      "members": [], 
      "exports": [], 
      
    }, {
      "name": "self", 
      "debugName": "", 
      "declNode": "simple_var_decl", 
      "scope": semantic.id.NominalId(u32)(8), 
      "flags": {"s_comptime":false,"s_const":false,"s_member":false,"s_fn":false,"s_catch_param":false}, 
      "members": [], 
      "exports": [], 
      
    }, {
      "name": "writeAll", 
      "debugName": "", 
      "declNode": "fn_decl", 
      "scope": semantic.id.NominalId(u32)(1), 
      "flags": {"s_comptime":false,"s_const":false,"s_member":false,"s_fn":true,"s_catch_param":false}, 
      "members": [], 
      "exports": [], 
      
    }, 
  ], 
  "scopes": {
    "id": semantic.id.NominalId(u32)(0), 
    "flags": [
      "top", 
      
    ], 
    "bindings": {
      "@This()": 0, 
      "Writer": 1, 
      
    }, "children": [
      {
        "id": semantic.id.NominalId(u32)(1), 
        "flags": [
          "block", 
          
        ], 
        "bindings": {
          "ptr": 2, 
          "writeAllFn": 3, 
          "init": 4, 
          "writeAll": 10, 
          
        }, "children": [
          {
            "id": semantic.id.NominalId(u32)(2), 
            "flags": [
              
            ], 
            "bindings": {
              
            }, "children": [
              {
                "id": semantic.id.NominalId(u32)(3), 
                "flags": [
                  "function", 
                  
                ], 
                "bindings": {
                  
                }, "children": [
                  {
                    "id": semantic.id.NominalId(u32)(4), 
                    "flags": [
                      "block", 
                      
                    ], 
                    "bindings": {
                      "T": 5, 
                      "ptr_info": 6, 
                      "gen": 7, 
                      
                    }, "children": [
                      {
                        "id": semantic.id.NominalId(u32)(5), 
                        "flags": [
                          "block", 
                          
                        ], 
                        "bindings": {
                          "writeAll": 8, 
                          
                        }, "children": [
                          {
                            "id": semantic.id.NominalId(u32)(6), 
                            "flags": [
                              
                            ], 
                            "bindings": {
                              
                            }, "children": [
                              {
                                "id": semantic.id.NominalId(u32)(7), 
                                "flags": [
                                  "function", 
                                  
                                ], 
                                "bindings": {
                                  
                                }, "children": [
                                  {
                                    "id": semantic.id.NominalId(u32)(8), 
                                    "flags": [
                                      "block", 
                                      
                                    ], 
                                    "bindings": {
                                      "self": 9, 
                                      
                                    }, "children": [], 
                                    
                                  }, 
                                ], 
                              }, 
                            ], 
                          }, 
                        ], 
                      }, 
                    ], 
                  }, 
                ], 
              }, 
            ], 
          }, {
            "id": semantic.id.NominalId(u32)(9), 
            "flags": [
              
            ], 
            "bindings": {
              
            }, "children": [
              {
                "id": semantic.id.NominalId(u32)(10), 
                "flags": [
                  "function", 
                  
                ], 
                "bindings": {
                  
                }, "children": [
                  {
                    "id": semantic.id.NominalId(u32)(11), 
                    "flags": [
                      "block", 
                      
                    ], 
                    "bindings": {
                      
                    }, "children": [], 
                    
                  }, 
                ], 
              }, 
            ], 
          }, 
        ], 
      }, 
    ], 
  }, 
}