{
  "symbols": [
    {
      "name": "", 
      "debugName": "@This()", 
      "token": null, 
      "declNode": "root", 
      "scope": semantic.id.NominalId(u32)(0), 
      "flags": ["const"], 
      "references": [
        
      ], 
      "members": [1], 
      "exports": [], 
      
    }, 
    {
      "name": "Writer", 
      "debugName": "", 
      "token": 1, 
      "declNode": "simple_var_decl", 
      "scope": semantic.id.NominalId(u32)(0), 
      "flags": ["variable", "const", "struct"], 
      "references": [
        {"symbol":1,"scope":2,"node":"identifier","identifier":"Writer","flags":["type"]}, 
        {"symbol":1,"scope":7,"node":"identifier","identifier":"Writer","flags":["read"]}, 
        
      ], 
      "members": [2,3,4,6,7,8,13], 
      "exports": [], 
      
    }, 
    {
      "name": "ptr", 
      "debugName": "", 
      "token": 5, 
      "declNode": "container_field_init", 
      "scope": semantic.id.NominalId(u32)(1), 
      "flags": ["member", "struct"], 
      "references": [
        
      ], 
      "members": [], 
      "exports": [], 
      
    }, 
    {
      "name": "writeAllFn", 
      "debugName": "", 
      "token": 10, 
      "declNode": "container_field_init", 
      "scope": semantic.id.NominalId(u32)(1), 
      "flags": ["member", "struct"], 
      "references": [
        
      ], 
      "members": [], 
      "exports": [], 
      
    }, 
    {
      "name": "init", 
      "debugName": "", 
      "token": 33, 
      "declNode": "fn_decl", 
      "scope": semantic.id.NominalId(u32)(1), 
      "flags": ["fn"], 
      "references": [
        
      ], 
      "members": [], 
      "exports": [], 
      
    }, 
    {
      "name": "ptr", 
      "debugName": "", 
      "token": 35, 
      "declNode": "root", 
      "scope": semantic.id.NominalId(u32)(2), 
      "flags": ["const", "fn_param"], 
      "references": [
        {"symbol":5,"scope":3,"node":"identifier","identifier":"ptr","flags":["read"]}, 
        {"symbol":5,"scope":3,"node":"identifier","identifier":"ptr","flags":["read"]}, 
        
      ], 
      "members": [], 
      "exports": [], 
      
    }, 
    {
      "name": "T", 
      "debugName": "", 
      "token": 42, 
      "declNode": "simple_var_decl", 
      "scope": semantic.id.NominalId(u32)(3), 
      "flags": ["variable", "const"], 
      "references": [
        {"symbol":6,"scope":3,"node":"identifier","identifier":"T","flags":["read"]}, 
        {"symbol":6,"scope":6,"node":"identifier","identifier":"T","flags":["type"]}, 
        
      ], 
      "members": [], 
      "exports": [], 
      
    }, 
    {
      "name": "ptr_info", 
      "debugName": "", 
      "token": 50, 
      "declNode": "simple_var_decl", 
      "scope": semantic.id.NominalId(u32)(3), 
      "flags": ["variable", "const"], 
      "references": [
        {"symbol":7,"scope":6,"node":"identifier","identifier":"ptr_info","flags":["call"]}, 
        
      ], 
      "members": [], 
      "exports": [], 
      
    }, 
    {
      "name": "gen", 
      "debugName": "", 
      "token": 58, 
      "declNode": "simple_var_decl", 
      "scope": semantic.id.NominalId(u32)(3), 
      "flags": ["variable", "const", "struct"], 
      "references": [
        {"symbol":8,"scope":3,"node":"identifier","identifier":"gen","flags":["read"]}, 
        
      ], 
      "members": [9,12], 
      "exports": [], 
      
    }, 
    {
      "name": "writeAll", 
      "debugName": "", 
      "token": 64, 
      "declNode": "fn_decl", 
      "scope": semantic.id.NominalId(u32)(4), 
      "flags": ["fn"], 
      "references": [
        
      ], 
      "members": [], 
      "exports": [], 
      
    }, 
    {
      "name": "pointer", 
      "debugName": "", 
      "token": 66, 
      "declNode": "ptr_type_aligned", 
      "scope": semantic.id.NominalId(u32)(5), 
      "flags": ["const", "fn_param"], 
      "references": [
        {"symbol":10,"scope":6,"node":"identifier","identifier":"pointer","flags":["read"]}, 
        
      ], 
      "members": [], 
      "exports": [], 
      
    }, 
    {
      "name": "data", 
      "debugName": "", 
      "token": 71, 
      "declNode": "ptr_type_aligned", 
      "scope": semantic.id.NominalId(u32)(5), 
      "flags": ["const", "fn_param"], 
      "references": [
        {"symbol":11,"scope":6,"node":"identifier","identifier":"data","flags":["read"]}, 
        
      ], 
      "members": [], 
      "exports": [], 
      
    }, 
    {
      "name": "self", 
      "debugName": "", 
      "token": 83, 
      "declNode": "simple_var_decl", 
      "scope": semantic.id.NominalId(u32)(6), 
      "flags": ["variable", "const"], 
      "references": [
        {"symbol":12,"scope":6,"node":"identifier","identifier":"self","flags":["read"]}, 
        
      ], 
      "members": [], 
      "exports": [], 
      
    }, 
    {
      "name": "writeAll", 
      "debugName": "", 
      "token": 132, 
      "declNode": "fn_decl", 
      "scope": semantic.id.NominalId(u32)(1), 
      "flags": ["fn"], 
      "references": [
        
      ], 
      "members": [], 
      "exports": [], 
      
    }, 
    {
      "name": "self", 
      "debugName": "", 
      "token": 134, 
      "declNode": "identifier", 
      "scope": semantic.id.NominalId(u32)(7), 
      "flags": ["const", "fn_param"], 
      "references": [
        {"symbol":14,"scope":8,"node":"identifier","identifier":"self","flags":["call"]}, 
        {"symbol":14,"scope":8,"node":"identifier","identifier":"self","flags":["read"]}, 
        
      ], 
      "members": [], 
      "exports": [], 
      
    }, 
    {
      "name": "data", 
      "debugName": "", 
      "token": 138, 
      "declNode": "ptr_type_aligned", 
      "scope": semantic.id.NominalId(u32)(7), 
      "flags": ["const", "fn_param"], 
      "references": [
        {"symbol":15,"scope":8,"node":"identifier","identifier":"data","flags":["read"]}, 
        
      ], 
      "members": [], 
      "exports": [], 
      
    }, 
  ], 
  "unresolvedReferences": [],
  "scopes": {
    "id": semantic.id.NominalId(u32)(0), 
    "flags": ["top"], 
    "bindings": {
      "@This()": 0, 
      "Writer": 1, 
      
    }, 
    "children": [
      {
        "id": semantic.id.NominalId(u32)(1), 
        "flags": ["struct", "block"], 
        "bindings": {
          "ptr": 2, 
          "writeAllFn": 3, 
          "init": 4, 
          "writeAll": 13, 
          
        }, 
        "children": [
          {
            "id": semantic.id.NominalId(u32)(2), 
            "flags": ["function"], 
            "bindings": {
              "ptr": 5, 
              
            }, 
            "children": [
              {
                "id": semantic.id.NominalId(u32)(3), 
                "flags": ["function", "block"], 
                "bindings": {
                  "T": 6, 
                  "ptr_info": 7, 
                  "gen": 8, 
                  
                }, 
                "children": [
                  {
                    "id": semantic.id.NominalId(u32)(4), 
                    "flags": ["struct", "block"], 
                    "bindings": {
                      "writeAll": 9, 
                      
                    }, 
                    "children": [
                      {
                        "id": semantic.id.NominalId(u32)(5), 
                        "flags": ["function"], 
                        "bindings": {
                          "pointer": 10, 
                          "data": 11, 
                          
                        }, 
                        "children": [
                          {
                            "id": semantic.id.NominalId(u32)(6), 
                            "flags": ["function", "block"], 
                            "bindings": {
                              "self": 12, 
                              
                            }, 
                            "children": [], 
                            
                          }, 
                        ], 
                        
                      }, 
                    ], 
                    
                  }, 
                ], 
                
              }, 
            ], 
            
          }, {
            "id": semantic.id.NominalId(u32)(7), 
            "flags": ["function"], 
            "bindings": {
              "self": 14, 
              "data": 15, 
              
            }, 
            "children": [
              {
                "id": semantic.id.NominalId(u32)(8), 
                "flags": ["function", "block"], 
                "bindings": {
                  
                }, 
                "children": [], 
                
              }, 
            ], 
            
          }, 
        ], 
        
      }, 
    ], 
    
  }, 
}