{
  "symbols": [
    {
      "name": "", 
      "debugName": "@This()", 
      "declNode": "root", 
      "scope": semantic.id.NominalId(u32)(0), 
      "flags": ["const"], 
      "references": [
        
      ], 
      "members": [1], 
      "exports": [], 
      
    }, 
    {
      "name": "Writer", 
      "debugName": "", 
      "declNode": "simple_var_decl", 
      "scope": semantic.id.NominalId(u32)(0), 
      "flags": [], 
      "references": [
        {"symbol":1,"scope":9,"node":"identifier","identifier":"Writer","flags":{"read":true,"write":false,"call":false,"type":false,"member":false,"_":0}}, 
        
      ], 
      "members": [2,3,4,6,7,8,13], 
      "exports": [], 
      
    }, 
    {
      "name": "ptr", 
      "debugName": "", 
      "declNode": "container_field_init", 
      "scope": semantic.id.NominalId(u32)(1), 
      "flags": ["member"], 
      "references": [
        
      ], 
      "members": [], 
      "exports": [], 
      
    }, 
    {
      "name": "writeAllFn", 
      "debugName": "", 
      "declNode": "container_field_init", 
      "scope": semantic.id.NominalId(u32)(1), 
      "flags": ["member"], 
      "references": [
        
      ], 
      "members": [], 
      "exports": [], 
      
    }, 
    {
      "name": "init", 
      "debugName": "", 
      "declNode": "fn_decl", 
      "scope": semantic.id.NominalId(u32)(1), 
      "flags": ["fn"], 
      "references": [
        
      ], 
      "members": [], 
      "exports": [], 
      
    }, 
    {
      "name": "ptr", 
      "debugName": "", 
      "declNode": "root", 
      "scope": semantic.id.NominalId(u32)(2), 
      "flags": ["const", "fn_param"], 
      "references": [
        {"symbol":5,"scope":4,"node":"identifier","identifier":"ptr","flags":{"read":true,"write":false,"call":false,"type":false,"member":false,"_":0}}, 
        {"symbol":5,"scope":4,"node":"identifier","identifier":"ptr","flags":{"read":true,"write":false,"call":false,"type":false,"member":false,"_":0}}, 
        
      ], 
      "members": [], 
      "exports": [], 
      
    }, 
    {
      "name": "T", 
      "debugName": "", 
      "declNode": "simple_var_decl", 
      "scope": semantic.id.NominalId(u32)(4), 
      "flags": [], 
      "references": [
        {"symbol":6,"scope":4,"node":"identifier","identifier":"T","flags":{"read":true,"write":false,"call":false,"type":false,"member":false,"_":0}}, 
        
      ], 
      "members": [], 
      "exports": [], 
      
    }, 
    {
      "name": "ptr_info", 
      "debugName": "", 
      "declNode": "simple_var_decl", 
      "scope": semantic.id.NominalId(u32)(4), 
      "flags": [], 
      "references": [
        {"symbol":7,"scope":8,"node":"identifier","identifier":"ptr_info","flags":{"read":true,"write":false,"call":false,"type":false,"member":false,"_":0}}, 
        
      ], 
      "members": [], 
      "exports": [], 
      
    }, 
    {
      "name": "gen", 
      "debugName": "", 
      "declNode": "simple_var_decl", 
      "scope": semantic.id.NominalId(u32)(4), 
      "flags": [], 
      "references": [
        {"symbol":8,"scope":4,"node":"identifier","identifier":"gen","flags":{"read":true,"write":false,"call":false,"type":false,"member":false,"_":0}}, 
        
      ], 
      "members": [9,12], 
      "exports": [], 
      
    }, 
    {
      "name": "writeAll", 
      "debugName": "", 
      "declNode": "fn_decl", 
      "scope": semantic.id.NominalId(u32)(5), 
      "flags": ["fn"], 
      "references": [
        
      ], 
      "members": [], 
      "exports": [], 
      
    }, 
    {
      "name": "pointer", 
      "debugName": "", 
      "declNode": "ptr_type_aligned", 
      "scope": semantic.id.NominalId(u32)(6), 
      "flags": ["const", "fn_param"], 
      "references": [
        {"symbol":10,"scope":8,"node":"identifier","identifier":"pointer","flags":{"read":true,"write":false,"call":false,"type":false,"member":false,"_":0}}, 
        
      ], 
      "members": [], 
      "exports": [], 
      
    }, 
    {
      "name": "data", 
      "debugName": "", 
      "declNode": "ptr_type_aligned", 
      "scope": semantic.id.NominalId(u32)(6), 
      "flags": ["const", "fn_param"], 
      "references": [
        {"symbol":11,"scope":8,"node":"identifier","identifier":"data","flags":{"read":true,"write":false,"call":false,"type":false,"member":false,"_":0}}, 
        
      ], 
      "members": [], 
      "exports": [], 
      
    }, 
    {
      "name": "self", 
      "debugName": "", 
      "declNode": "simple_var_decl", 
      "scope": semantic.id.NominalId(u32)(8), 
      "flags": [], 
      "references": [
        {"symbol":12,"scope":8,"node":"identifier","identifier":"self","flags":{"read":true,"write":false,"call":false,"type":false,"member":false,"_":0}}, 
        
      ], 
      "members": [], 
      "exports": [], 
      
    }, 
    {
      "name": "writeAll", 
      "debugName": "", 
      "declNode": "fn_decl", 
      "scope": semantic.id.NominalId(u32)(1), 
      "flags": ["fn"], 
      "references": [
        
      ], 
      "members": [], 
      "exports": [], 
      
    }, 
    {
      "name": "self", 
      "debugName": "", 
      "declNode": "identifier", 
      "scope": semantic.id.NominalId(u32)(9), 
      "flags": ["const", "fn_param"], 
      "references": [
        {"symbol":14,"scope":11,"node":"identifier","identifier":"self","flags":{"read":true,"write":false,"call":false,"type":false,"member":false,"_":0}}, 
        {"symbol":14,"scope":11,"node":"identifier","identifier":"self","flags":{"read":true,"write":false,"call":false,"type":false,"member":false,"_":0}}, 
        
      ], 
      "members": [], 
      "exports": [], 
      
    }, 
    {
      "name": "data", 
      "debugName": "", 
      "declNode": "ptr_type_aligned", 
      "scope": semantic.id.NominalId(u32)(9), 
      "flags": ["const", "fn_param"], 
      "references": [
        {"symbol":15,"scope":11,"node":"identifier","identifier":"data","flags":{"read":true,"write":false,"call":false,"type":false,"member":false,"_":0}}, 
        
      ], 
      "members": [], 
      "exports": [], 
      
    }, 
  ], 
  "unresolvedReferences": [
    {"symbol":null,"scope":6,"node":"identifier","identifier":"anyopaque","flags":{"read":true,"write":false,"call":false,"type":false,"member":false,"_":0}}, 
    {"symbol":null,"scope":6,"node":"identifier","identifier":"u8","flags":{"read":true,"write":false,"call":false,"type":false,"member":false,"_":0}}, 
    {"symbol":null,"scope":9,"node":"identifier","identifier":"u8","flags":{"read":true,"write":false,"call":false,"type":false,"member":false,"_":0}}, 
    
  ], 
  "scopes": {
    "id": semantic.id.NominalId(u32)(0), 
    "flags": ["top"], 
    "bindings": {
      "@This()": 0, 
      "Writer": 1, 
      
    }, 
    "children": [
      {
        "id": semantic.id.NominalId(u32)(1), 
        "flags": ["block"], 
        "bindings": {
          "ptr": 2, 
          "writeAllFn": 3, 
          "init": 4, 
          "writeAll": 13, 
          
        }, 
        "children": [
          {
            "id": semantic.id.NominalId(u32)(2), 
            "flags": [], 
            "bindings": {
              "ptr": 5, 
              
            }, 
            "children": [
              {
                "id": semantic.id.NominalId(u32)(3), 
                "flags": ["function"], 
                "bindings": {
                  
                }, 
                "children": [
                  {
                    "id": semantic.id.NominalId(u32)(4), 
                    "flags": ["block"], 
                    "bindings": {
                      "T": 6, 
                      "ptr_info": 7, 
                      "gen": 8, 
                      
                    }, 
                    "children": [
                      {
                        "id": semantic.id.NominalId(u32)(5), 
                        "flags": ["block"], 
                        "bindings": {
                          "writeAll": 9, 
                          
                        }, 
                        "children": [
                          {
                            "id": semantic.id.NominalId(u32)(6), 
                            "flags": [], 
                            "bindings": {
                              "pointer": 10, 
                              "data": 11, 
                              
                            }, 
                            "children": [
                              {
                                "id": semantic.id.NominalId(u32)(7), 
                                "flags": ["function"], 
                                "bindings": {
                                  
                                }, 
                                "children": [
                                  {
                                    "id": semantic.id.NominalId(u32)(8), 
                                    "flags": ["block"], 
                                    "bindings": {
                                      "self": 12, 
                                      
                                    }, 
                                    "children": [], 
                                    
                                  }, 
                                ], 
                                
                              }, 
                            ], 
                            
                          }, 
                        ], 
                        
                      }, 
                    ], 
                    
                  }, 
                ], 
                
              }, 
            ], 
            
          }, {
            "id": semantic.id.NominalId(u32)(9), 
            "flags": [], 
            "bindings": {
              "self": 14, 
              "data": 15, 
              
            }, 
            "children": [
              {
                "id": semantic.id.NominalId(u32)(10), 
                "flags": ["function"], 
                "bindings": {
                  
                }, 
                "children": [
                  {
                    "id": semantic.id.NominalId(u32)(11), 
                    "flags": ["block"], 
                    "bindings": {
                      
                    }, 
                    "children": [], 
                    
                  }, 
                ], 
                
              }, 
            ], 
            
          }, 
        ], 
        
      }, 
    ], 
    
  }, 
}