  𝙭 avoid-as: Prefer using type annotations over @as().
   ╭─[avoid-as.zig:1:11]
 1 │ const x = @as(u32, 1);
   ·           ───
   ╰────
  help: Use a type annotation instead.

  𝙭 avoid-as: Unnecessary use of @as().
   ╭─[avoid-as.zig:1:16]
 1 │ const x: u32 = @as(u32, 1);
   ·                ───
   ╰────
  help: Remove the @as() call.

  𝙭 avoid-as: Prefer using type annotations over @as().
   ╭─[avoid-as.zig:1:31]
 1 │ const Foo = struct { x: u32 = @as(u32, 1) };
   ·                               ───
   ╰────
  help: Use a type annotation instead.

