  𝙭 camel-case-fn: Function ThisFunctionIsInPascalCase name is in PascalCase. It should be camelCase


  𝙭 camel-case-fn: Function @"this-one-is-in-kebab-case" name is in kebab-case. It should be camelCase


  𝙭 camel-case-fn: Function this_one_is_in_snake_case name is in snake_case. It should be camelCase


  𝙭 camel-case-fn: Function @"This-is-both-Pascal-and-Kebab-kinda" name is in kebab-case. It should be camelCase


  𝙭 camel-case-fn: Function This_is_both_snake_case_and_pascal_kinda name is not in camelCase


