  𝙭 duplicate-case: Switch statement has duplicate cases
   ╭─[duplicate-case.zig:3:5]
 2 │   const x = switch (1) {
 3 │     1 => 1,
   ·     ──────
 4 │     else => 1,
   ·     ─────────
   ╰────

  𝙭 duplicate-case: Switch statement has duplicate cases
   ╭─[duplicate-case.zig:3:5]
 2 │   const x = switch (1) {
 3 │     1 => y + 1,
   ·     ──────────
 4 │     else => 1 + y,
   ·     ─────────────
   ╰────

  𝙭 duplicate-case: Switch statement has duplicate cases
   ╭─[duplicate-case.zig:3:5]
 2 │   const x = switch (y) {
 3 │     1 => 1 * y + 1,
   ·     ──────────────
 4 │     else => 1 + y * 1,
   ·     ─────────────────
   ╰────

  𝙭 duplicate-case: Switch statement has duplicate cases
   ╭─[duplicate-case.zig:3:5]
 2 │   const x = switch (1) {
 3 │     1 => y == 1,
   ·     ───────────
 4 │     else => 1 == y,
   ·     ──────────────
   ╰────

  𝙭 duplicate-case: Switch statement has duplicate cases
   ╭─[duplicate-case.zig:3:5]
 2 │   const x = switch (1) {
 3 │     1 => ~y,
   ·     ───────
 4 │     else => ~y,
   ·     ──────────
   ╰────

  𝙭 duplicate-case: Switch statement has duplicate cases
   ╭─[duplicate-case.zig:5:5]
 4 │   const x = switch (bar) {
 5 │     1 => f(bar),
   ·     ───────────
 6 │     2 => f(bar),
   ·     ───────────
   ╰────

  𝙭 duplicate-case: Switch statement has duplicate cases
   ╭─[duplicate-case.zig:4:5]
 3 │   const x = switch (bar) {
 4 │     1 => thing.f(bar),
   ·     ─────────────────
 5 │     2 => thing.f(bar),
   ·     ─────────────────
   ╰────

  𝙭 duplicate-case: Switch statement has duplicate cases
   ╭─[duplicate-case.zig:3:5]
 2 │   const x = switch (bar) {
 3 │     1 => if (cond) 1 else 2,
   ·     ───────────────────────
 4 │     2 => if (cond) 1 else 2,
   ·     ───────────────────────
   ╰────

  𝙭 duplicate-case: Switch statement has duplicate cases
   ╭─[duplicate-case.zig:3:5]
 2 │   const x = switch (bar) {
 3 │     1 => { return 1; },
   ·     ──────────────────
 4 │     2 => { return 1; },
   ·     ──────────────────
   ╰────

  𝙭 duplicate-case: Switch statement has duplicate cases
    ╭─[duplicate-case.zig:3:5]
 2  │   const x = switch (bar) {
 3  │     1 => {
      if (cond) {
        const y = x + 2;
        return y;
      }
      return 0;
    },
    ·     ─────────────────────────────────────────────────────────────────────────────────────────────────
 4  │     2 => {
 9  │     },
 10 │     2 => {
      if (cond) {
        const y = x + 2;
        return y;
      }
      return 0;
    },
    ·     ─────────────────────────────────────────────────────────────────────────────────────────────────
 11 │     else => 0
    ╰────

