  𝙭 empty-file: empty-file.zig has zero bytes


  𝙭 empty-file: empty-file.zig contains only whitespace


  𝙭 empty-file: empty-file.zig contains only whitespace


  𝙭 empty-file: empty-file.zig contains only whitespace


  𝙭 empty-file: empty-file.zig only contains comments


  𝙭 empty-file: empty-file.zig only contains comments


  𝙭 empty-file: empty-file.zig only contains comments


  𝙭 empty-file: empty-file.zig only contains comments


