  𝙭 returned-stack-reference: Returning a reference to stack-allocated memory is undefined behavior.
   ╭─[returned-stack-reference.zig:1:22]
 1 │ fn foo()  *u32 { var x: u32 = 1; return &x; }
   ·                      ┬
   ·                      ╰── Variable is declared locally here
   ·                                         ─┬─
   ·                                          ╰── This pointer refers to a local variable
   ╰────

  𝙭 returned-stack-reference: Returning a reference to stack-allocated memory is undefined behavior.
   ╭─[returned-stack-reference.zig:1:22]
 1 │ fn foo() !*u32 { var x: u32 = 1; return &x; }
   ·                      ┬
   ·                      ╰── Variable is declared locally here
   ·                                         ─┬─
   ·                                          ╰── This pointer refers to a local variable
   ╰────

  𝙭 returned-stack-reference: Returning a reference to stack-allocated memory is undefined behavior.
   ╭─[returned-stack-reference.zig:1:22]
 1 │ fn foo() ?*u32 { var x: u32 = 1; return &x; }
   ·                      ┬
   ·                      ╰── Variable is declared locally here
   ·                                         ─┬─
   ·                                          ╰── This pointer refers to a local variable
   ╰────

  𝙭 returned-stack-reference: Returning a reference to stack-allocated memory is undefined behavior.
   ╭─[returned-stack-reference.zig:3:7]
 2 │ fn foo() X {
 3 │   var x: u32 = 1;
   ·       ┬
   ·       ╰── Variable is declared locally here
 4 │   return .{ .p = &x };
   ·                  ─┬─
   ·                   ╰── This pointer refers to a local variable
   ╰────

  𝙭 returned-stack-reference: Returning a reference to stack-allocated memory is undefined behavior.
   ╭─[returned-stack-reference.zig:2:7]
 1 │ fn foo(a: bool) *u32 {
 2 │   var x: u32 = 1;
   ·       ┬
   ·       ╰── Variable is declared locally here
 3 │   return if (a) &x else @panic("ahh");
   ·                 ─┬─
   ·                  ╰── This pointer refers to a local variable
   ╰────

  𝙭 returned-stack-reference: Returning a reference to stack-allocated memory is undefined behavior.
   ╭─[returned-stack-reference.zig:2:7]
 1 │ fn foo(a: bool) *u32 {
 2 │   var x: u32 = 1;
   ·       ┬
   ·       ╰── Variable is declared locally here
 3 │   return blk: {
 4 │     x += 1;
 5 │     break :blk &x;
   ·                ─┬─
   ·                 ╰── This pointer refers to a local variable
 6 │   };
   ╰────

  𝙭 returned-stack-reference: Returning a reference to stack-allocated memory is undefined behavior.
   ╭─[returned-stack-reference.zig:1:29]
 1 │ fn foo() error{}!*u32 { var x: u32 = 1; return &x; }
   ·                             ┬
   ·                             ╰── Variable is declared locally here
   ·                                                ─┬─
   ·                                                 ╰── This pointer refers to a local variable
   ╰────

  𝙭 returned-stack-reference: Returning a reference to stack-allocated memory is undefined behavior.
   ╭─[returned-stack-reference.zig:1:33]
 1 │ fn foo() error{Oops}!*u32 { var x: u32 = 1; return &x; }
   ·                                 ┬
   ·                                 ╰── Variable is declared locally here
   ·                                                    ─┬─
   ·                                                     ╰── This pointer refers to a local variable
   ╰────

  𝙭 returned-stack-reference: Returning a reference to stack-allocated memory is undefined behavior.
   ╭─[returned-stack-reference.zig:2:7]
 1 │ fn foo(e: error{Bad}) *u32 {
 2 │   var x: u32 = 1;
   ·       ┬
   ·       ╰── Variable is declared locally here
 3 │   _ = e;
 4 │   return &x;
   ·          ─┬─
   ·           ╰── This pointer refers to a local variable
 5 │ }
   ╰────

  𝙭 returned-stack-reference: Returning a reference to stack-allocated memory is undefined behavior.
   ╭─[returned-stack-reference.zig:1:20]
 1 │ fn foo() *u8 { var x: [4]u8 = undefined; return &x[0]; }
   ·                    ┬
   ·                    ╰── Variable is declared locally here
   ·                                                 ──┬──
   ·                                                   ╰── This pointer refers to a local variable
   ╰────

  𝙭 returned-stack-reference: Returning a slice to stack-allocated memory is undefined behavior.
   ╭─[returned-stack-reference.zig:1:21]
 1 │ fn foo() []u8 { var x = [_]u8{1, 2}; return x[0..1]; }
   ·                     ┬
   ·                     ╰── Variable is declared locally here
   ·                                             ───┬───
   ·                                                ╰── This slice refers to a local variable
   ╰────

  𝙭 returned-stack-reference: Returning a reference to stack-allocated memory is undefined behavior.
   ╭─[returned-stack-reference.zig:1:21]
 1 │ fn foo() *u32 { var x: u32 = 1; return &(x); }
   ·                     ┬
   ·                     ╰── Variable is declared locally here
   ·                                        ──┬──
   ·                                          ╰── This pointer refers to a local variable
   ╰────

  𝙭 returned-stack-reference: Returning a slice to stack-allocated memory is undefined behavior.
   ╭─[returned-stack-reference.zig:1:23]
 1 │ fn foo() [:0]u8 { var x: [4:0]u8 = undefined; return x[0..]; }
   ·                       ┬
   ·                       ╰── Variable is declared locally here
   ·                                                      ───┬───
   ·                                                         ╰── This slice refers to a local variable
   ╰────

  𝙭 returned-stack-reference: Returning a reference to stack-allocated memory is undefined behavior.
   ╭─[returned-stack-reference.zig:5:11]
 4 │     fn g() *u32 {
 5 │       var y: u32 = 1;
   ·           ┬
   ·           ╰── Variable is declared locally here
 6 │       return &y;
   ·              ─┬─
   ·               ╰── This pointer refers to a local variable
   ╰────

  𝙭 returned-stack-reference: Returning a reference to stack-allocated memory is undefined behavior.
   ╭─[returned-stack-reference.zig:3:9]
 2 │ fn foo() Foo {
 3 │   const local: u32 = 1;
   ·         ──┬──
   ·           ╰── Variable is declared locally here
 4 │   return .{ .x = &local };
   ·                  ───┬───
   ·                     ╰── This pointer refers to a local variable
   ╰────

  𝙭 returned-stack-reference: Returning a slice to stack-allocated memory is undefined behavior.
   ╭─[returned-stack-reference.zig:1:22]
 1 │ fn foo() []u32 { var x: [1]u32 = .{1}; return x[0..]; }
   ·                      ┬
   ·                      ╰── Variable is declared locally here
   ·                                               ───┬───
   ·                                                  ╰── This slice refers to a local variable
   ╰────

  𝙭 returned-stack-reference: Returning a slice to stack-allocated memory is undefined behavior.
   ╭─[returned-stack-reference.zig:1:22]
 1 │ fn foo() []u32 { var x: [4]u32 = .{1, 2, 3, 4}; return x[1..3]; }
   ·                      ┬
   ·                      ╰── Variable is declared locally here
   ·                                                        ───┬───
   ·                                                           ╰── This slice refers to a local variable
   ╰────

  𝙭 returned-stack-reference: Returning a slice to stack-allocated memory is undefined behavior.
   ╭─[returned-stack-reference.zig:1:23]
 1 │ fn foo() ![]u32 { var x: [1]u32 = .{1}; return x[0..]; }
   ·                       ┬
   ·                       ╰── Variable is declared locally here
   ·                                                ───┬───
   ·                                                   ╰── This slice refers to a local variable
   ╰────

  𝙭 returned-stack-reference: Returning a slice to stack-allocated memory is undefined behavior.
   ╭─[returned-stack-reference.zig:1:21]
 1 │ fn foo() []u8 { var x: [1]u8 = .{0}; return x[0..][0..]; }
   ·                     ┬
   ·                     ╰── Variable is declared locally here
   ·                                             ───┬───
   ·                                                ╰── This slice refers to a local variable
   ╰────

  𝙭 returned-stack-reference: Returning a slice to stack-allocated memory is undefined behavior.
   ╭─[returned-stack-reference.zig:1:22]
 1 │ fn foo() [*]u8 { var x: [1]u8 = .{0}; return x[0..].ptr; }
   ·                      ┬
   ·                      ╰── Variable is declared locally here
   ·                                              ───┬───
   ·                                                 ╰── This slice refers to a local variable
   ╰────

  𝙭 returned-stack-reference: Returning a slice to stack-allocated memory is undefined behavior.
   ╭─[returned-stack-reference.zig:1:32]
 1 │ fn foo(other: []u8) []u8 { var x: [1]u8 = .{0}; const maybe: ?[]u8 = other; return maybe orelse x[0..]; }
   ·                                ┬
   ·                                ╰── Variable is declared locally here
   ·                                                                                                 ───┬───
   ·                                                                                                    ╰── This slice refers to a local variable
   ╰────

  𝙭 returned-stack-reference: Returning a slice to stack-allocated memory is undefined behavior.
   ╭─[returned-stack-reference.zig:1:33]
 1 │ fn foo(other: []u8) ![]u8 { var x: [1]u8 = .{0}; return other catch x[0..]; }
   ·                                 ┬
   ·                                 ╰── Variable is declared locally here
   ·                                                                     ───┬───
   ·                                                                        ╰── This slice refers to a local variable
   ╰────

  𝙭 returned-stack-reference: Returning a reference to stack-allocated memory is undefined behavior.
   ╭─[returned-stack-reference.zig:1:21]
 1 │ fn foo() []u8 { var x: [1]u8 = .{0}; return (&x)[0..]; }
   ·                     ┬
   ·                     ╰── Variable is declared locally here
   ·                                              ─┬─
   ·                                               ╰── This pointer refers to a local variable
   ╰────

  𝙭 returned-stack-reference: Returning a slice to stack-allocated memory is undefined behavior.
   ╭─[returned-stack-reference.zig:1:21]
 1 │ fn foo() []u8 { var x: [1]u8 = .{0}; return while (true) { break x[0..]; } else unreachable; }
   ·                     ┬
   ·                     ╰── Variable is declared locally here
   ·                                                                  ───┬───
   ·                                                                     ╰── This slice refers to a local variable
   ╰────

  𝙭 returned-stack-reference: Returning a slice to stack-allocated memory is undefined behavior.
   ╭─[returned-stack-reference.zig:2:7]
 1 │ fn foo(a: bool) []u32 {
 2 │   var x: [1]u32 = .{1};
   ·       ┬
   ·       ╰── Variable is declared locally here
 3 │   return if (a) x[0..] else &[_]u32{};
   ·                 ───┬───
   ·                    ╰── This slice refers to a local variable
   ╰────

  𝙭 returned-stack-reference: Returning a slice to stack-allocated memory is undefined behavior.
   ╭─[returned-stack-reference.zig:2:7]
 1 │ fn foo() []u32 {
 2 │   var x: [1]u32 = .{1};
   ·       ┬
   ·       ╰── Variable is declared locally here
 3 │   return blk: {
 4 │     break :blk x[0..];
   ·                ───┬───
   ·                   ╰── This slice refers to a local variable
 5 │   };
   ╰────

  𝙭 returned-stack-reference: Returning a slice to stack-allocated memory is undefined behavior.
   ╭─[returned-stack-reference.zig:1:21]
 1 │ fn foo() []u8 { var arr = [_]u8{1, 2, 3}; return arr[0..]; }
   ·                     ─┬─
   ·                      ╰── Variable is declared locally here
   ·                                                  ────┬────
   ·                                                      ╰── This slice refers to a local variable
   ╰────

