  𝙭 returned-stack-reference: Returning a reference to stack-allocated memory is undefined behavior.
   ╭─[returned-stack-reference.zig:1:22]
 1 │ fn foo()  *u32 { var x: u32 = 1; return &x; }
   ·                      ┬
   ·                      ╰── Variable is declared locally here
   ·                                         ─┬─
   ·                                          ╰── This pointer refers to a local variable
   ╰────

  𝙭 returned-stack-reference: Returning a reference to stack-allocated memory is undefined behavior.
   ╭─[returned-stack-reference.zig:1:22]
 1 │ fn foo() !*u32 { var x: u32 = 1; return &x; }
   ·                      ┬
   ·                      ╰── Variable is declared locally here
   ·                                         ─┬─
   ·                                          ╰── This pointer refers to a local variable
   ╰────

  𝙭 returned-stack-reference: Returning a reference to stack-allocated memory is undefined behavior.
   ╭─[returned-stack-reference.zig:1:22]
 1 │ fn foo() ?*u32 { var x: u32 = 1; return &x; }
   ·                      ┬
   ·                      ╰── Variable is declared locally here
   ·                                         ─┬─
   ·                                          ╰── This pointer refers to a local variable
   ╰────

  𝙭 returned-stack-reference: Returning a reference to stack-allocated memory is undefined behavior.
   ╭─[returned-stack-reference.zig:3:7]
 2 │ fn foo() X {
 3 │   var x: u32 = 1;
   ·       ┬
   ·       ╰── Variable is declared locally here
 4 │   return .{ .p = &x };
   ·                  ─┬─
   ·                   ╰── This pointer refers to a local variable
   ╰────

  𝙭 returned-stack-reference: Returning a reference to stack-allocated memory is undefined behavior.
   ╭─[returned-stack-reference.zig:2:7]
 1 │ fn foo(a: bool) *u32 {
 2 │   var x: u32 = 1;
   ·       ┬
   ·       ╰── Variable is declared locally here
 3 │   return if (a) &x else @panic("ahh");
   ·                 ─┬─
   ·                  ╰── This pointer refers to a local variable
   ╰────

  𝙭 returned-stack-reference: Returning a reference to stack-allocated memory is undefined behavior.
   ╭─[returned-stack-reference.zig:2:7]
 1 │ fn foo(a: bool) *u32 {
 2 │   var x: u32 = 1;
   ·       ┬
   ·       ╰── Variable is declared locally here
 3 │   return blk: {
 4 │     x += 1;
 5 │     break :blk &x;
   ·                ─┬─
   ·                 ╰── This pointer refers to a local variable
 6 │   };
   ╰────

  𝙭 returned-stack-reference: Returning a reference to stack-allocated memory is undefined behavior.
   ╭─[returned-stack-reference.zig:3:9]
 2 │ fn foo() Foo {
 3 │   const local: u32 = 1;
   ·         ──┬──
   ·           ╰── Variable is declared locally here
 4 │   return .{ .x = &local };
   ·                  ───┬───
   ·                     ╰── This pointer refers to a local variable
   ╰────

  𝙭 returned-stack-reference: Returning a slice to stack-allocated memory is undefined behavior.
   ╭─[returned-stack-reference.zig:2:7]
 1 │ fn foo() []u32 {
 2 │   var x: [1]u32 = .{1};
   ·       ┬
   ·       ╰── Variable is declared locally here
 3 │   return x[0..];
   ·          ───┬───
   ·             ╰── This slice refers to a local variable
   ╰────

  𝙭 returned-stack-reference: Returning a slice to stack-allocated memory is undefined behavior.
   ╭─[returned-stack-reference.zig:2:7]
 1 │ fn foo() []u32 {
 2 │   var x: [2]u32 = .{ 1, 2 };
   ·       ┬
   ·       ╰── Variable is declared locally here
 3 │   return x[0..1];
   ·          ───┬───
   ·             ╰── This slice refers to a local variable
   ╰────

  𝙭 returned-stack-reference: Returning a slice to stack-allocated memory is undefined behavior.
   ╭─[returned-stack-reference.zig:2:7]
 1 │ fn foo() [:0]u8 {
 2 │   var x: [2:0]u8 = .{ 1, 2 };
   ·       ┬
   ·       ╰── Variable is declared locally here
 3 │   return x[0..2 :0];
   ·          ─────┬─────
   ·               ╰── This slice refers to a local variable
   ╰────

  𝙭 returned-stack-reference: Returning a slice to stack-allocated memory is undefined behavior.
   ╭─[returned-stack-reference.zig:3:7]
 2 │ fn foo() Foo {
 3 │   var buf: [2]u8 = .{ 1, 2 };
   ·       ─┬─
   ·        ╰── Variable is declared locally here
 4 │   return .{ .items = buf[0..] };
   ·                      ────┬────
   ·                          ╰── This slice refers to a local variable
   ╰────

