  𝙭 unused-decls: variable 'x' is declared but never used.
   ╭─[unused-decls.zig:1:7]
 1 │ const x = 1;
   ·       ─
   ╰────

  𝙭 unused-decls: variable 'Allocator' is declared but never used.
   ╭─[unused-decls.zig:1:35]
 1 │ const std = @import("std"); const Allocator = std.mem.Allocator;
   ·                                   ─────────
   ╰────

  𝙭 unused-decls: variable 'x' is declared but never used.
   ╭─[unused-decls.zig:1:14]
 1 │ extern const x: usize;
   ·              ─
   ╰────

  𝙭 unused-decls: variable 'limit' is declared but never used.
   ╭─[unused-decls.zig:5:7]
 4 │ };
 5 │ const limit: u32 = 10;
   ·       ─────
 6 │ pub fn main() void {
   ╰────

