Passed: 70.04505% (311/444)

build.zig: error.missing_identifier
misctools/fetch.zig: error.missing_identifier
misctools/http_bench.zig: error.missing_identifier
misctools/readlink-getfd.zig: error.missing_identifier
src/StandaloneModuleGraph.zig: error.missing_identifier
src/bake/DevServer.zig: error.missing_identifier
src/bake/bake.zig: error.missing_identifier
src/bake/production.zig: error.missing_identifier
src/bit_set.zig: error.missing_identifier
src/bun.js/ConsoleObject.zig: error.missing_identifier
src/bun.js/RuntimeTranspilerCache.zig: error.missing_identifier
src/bun.js/api/BunObject.zig: error.missing_identifier
src/bun.js/api/JSBundler.zig: error.missing_identifier
src/bun.js/api/JSTranspiler.zig: error.missing_identifier
src/bun.js/api/bun/dns_resolver.zig: error.missing_identifier
src/bun.js/api/bun/h2_frame_parser.zig: error.missing_identifier
src/bun.js/api/bun/socket.zig: error.missing_identifier
src/bun.js/api/bun/subprocess.zig: error.missing_identifier
src/bun.js/api/bun/udp_socket.zig: error.missing_identifier
src/bun.js/api/ffi.zig: error.missing_identifier
src/bun.js/api/filesystem_router.zig: error.missing_identifier
src/bun.js/api/glob.zig: error.missing_identifier
src/bun.js/api/html_rewriter.zig: error.missing_identifier
src/bun.js/api/server.zig: error.missing_identifier
src/bun.js/bindings/bindings.zig: error.missing_identifier
src/bun.js/event_loop.zig: error.missing_identifier
src/bun.js/ipc.zig: error.missing_identifier
src/bun.js/javascript.zig: error.missing_identifier
src/bun.js/module_loader.zig: error.missing_identifier
src/bun.js/node/node_fs.zig: error.missing_identifier
src/bun.js/node/node_fs_stat_watcher.zig: error.missing_identifier
src/bun.js/node/node_fs_watcher.zig: error.missing_identifier
src/bun.js/node/node_zlib_binding.zig: error.missing_identifier
src/bun.js/node/path_watcher.zig: error.missing_identifier
src/bun.js/node/util/parse_args.zig: error.missing_identifier
src/bun.js/test/expect.zig: error.missing_identifier
src/bun.js/test/jest.zig: error.missing_identifier
src/bun.js/test/pretty_format.zig: error.missing_identifier
src/bun.js/web_worker.zig: error.missing_identifier
src/bun.js/webcore.zig: error.missing_identifier
src/bun.js/webcore/blob.zig: error.missing_identifier
src/bun.js/webcore/blob/ReadFile.zig: error.missing_identifier
src/bun.js/webcore/body.zig: error.missing_identifier
src/bun.js/webcore/encoding.zig: error.missing_identifier
src/bun.js/webcore/request.zig: error.missing_identifier
src/bun.js/webcore/response.zig: error.missing_identifier
src/bun.js/webcore/streams.zig: error.full_mismatch
src/bun.zig: error.missing_identifier
src/bundler.zig: error.missing_identifier
src/bundler/bundle_v2.zig: error.missing_identifier
src/bunfig.zig: error.missing_identifier
src/cache.zig: error.missing_identifier
src/cli.zig: error.missing_identifier
src/cli/build_command.zig: error.missing_identifier
src/cli/bunx_command.zig: error.missing_identifier
src/cli/colon_list_type.zig: error.missing_identifier
src/cli/create_command.zig: error.missing_identifier
src/cli/exec_command.zig: error.missing_identifier
src/cli/filter_run.zig: error.missing_identifier
src/cli/init_command.zig: error.missing_identifier
src/cli/install_command.zig: error.missing_identifier
src/cli/install_completions_command.zig: error.missing_identifier
src/cli/outdated_command.zig: error.missing_identifier
src/cli/pack_command.zig: error.missing_identifier
src/cli/package_manager_command.zig: error.missing_identifier
src/cli/pm_trusted_command.zig: error.missing_identifier
src/cli/publish_command.zig: error.missing_identifier
src/cli/run_command.zig: error.missing_identifier
src/cli/test_command.zig: error.missing_identifier
src/cli/upgrade_command.zig: error.missing_identifier
src/compile_target.zig: error.missing_identifier
src/crash_handler.zig: error.missing_identifier
src/css/css_internals.zig: error.missing_identifier
src/css/declaration.zig: error.missing_identifier
src/css/printer.zig: error.missing_identifier
src/css/selectors/parser.zig: error.missing_identifier
src/css/values/color_js.zig: error.missing_identifier
src/css_scanner.zig: error.missing_identifier
src/darwin_c.zig: error.missing_identifier
src/deps/uws.zig: error.missing_identifier
src/deps/zig-clap/clap/args.zig: error.missing_identifier
src/deps/zig-clap/clap/streaming.zig: error.missing_identifier
src/env_loader.zig: error.missing_identifier
src/fmt.zig: error.missing_identifier
src/fs.zig: error.missing_identifier
src/glob.zig: error.missing_identifier
src/http.zig: error.missing_identifier
src/http/websocket_http_client.zig: error.missing_identifier
src/ini.zig: error.missing_identifier
src/install/bin.zig: error.missing_identifier
src/install/dependency.zig: error.missing_identifier
src/install/extract_tarball.zig: error.missing_identifier
src/install/install.zig: error.missing_identifier
src/install/lifecycle_script_runner.zig: error.missing_identifier
src/install/lockfile.zig: error.missing_identifier
src/install/migration.zig: error.missing_identifier
src/install/npm.zig: error.missing_identifier
src/install/patch_install.zig: error.missing_identifier
src/install/repository.zig: error.missing_identifier
src/install/resolvers/folder_resolver.zig: error.missing_identifier
src/install/semver.zig: error.missing_identifier
src/install/windows-shim/bun_shim_impl.zig: error.missing_identifier
src/io/PipeReader.zig: error.missing_identifier
src/js_ast.zig: error.missing_identifier
src/js_lexer.zig: error.missing_identifier
src/js_parser.zig: error.missing_identifier
src/js_printer.zig: error.missing_identifier
src/libarchive/libarchive.zig: error.missing_identifier
src/linear_fifo.zig: error.missing_identifier
src/linux_memfd_allocator.zig: error.missing_identifier
src/main.zig: error.missing_identifier
src/main_wasm.zig: error.missing_identifier
src/napi/napi.zig: error.missing_identifier
src/open.zig: error.missing_identifier
src/options.zig: error.missing_identifier
src/output.zig: error.missing_identifier
src/patch.zig: error.missing_identifier
src/resolver/package_json.zig: error.missing_identifier
src/resolver/resolver.zig: error.missing_identifier
src/router.zig: error.missing_identifier
src/shell/interpreter.zig: error.missing_identifier
src/shell/shell.zig: error.missing_identifier
src/shell/subproc.zig: error.missing_identifier
src/sourcemap/sourcemap.zig: error.missing_identifier
src/sql/postgres.zig: error.missing_identifier
src/string.zig: error.full_mismatch
src/string_immutable.zig: error.missing_identifier
src/sync.zig: error.missing_identifier
src/sys.zig: error.missing_identifier
src/toml/toml_parser.zig: error.missing_identifier
src/url.zig: error.missing_identifier
src/walker_skippable.zig: error.missing_identifier
src/watcher.zig: error.missing_identifier
