Passed: 97.31774% (2830/2908)
Panics: 0.034387894% (1/2908)

doc/langref/destructuring_mixed.zig: error.FullMismatch
doc/langref/destructuring_to_existing.zig: error.FullMismatch
doc/langref/destructuring_vectors.zig: error.FullMismatch
doc/langref/invalid_doc-comment.zig: error.AnalysisFailed
doc/langref/test_switch_continue.zig: error.AnalysisFailed
doc/langref/test_switch_dispatch_loop.zig: error.AnalysisFailed
doc/langref/unattached_doc-comment.zig: error.AnalysisFailed
doc/langref/var_must_be_initialized.zig: error.AnalysisFailed
lib/compiler/aro/aro/Parser.zig: error.FullMismatch
lib/compiler/aro/aro/Tree.zig: error.FullMismatch
lib/compiler/aro/aro/Type.zig: error.FullMismatch
lib/compiler/aro/aro/text_literal.zig: error.FullMismatch
lib/compiler/resinator/source_mapping.zig: error.AnalysisFailed
lib/std/Progress.zig: error.FullMismatch
lib/std/Target/Query.zig: error.FullMismatch
lib/std/crypto/tls/Client.zig: error.AnalysisFailed
lib/std/os/linux/IoUring.zig: error.FullMismatch
lib/std/zig/tokenizer.zig: error.AnalysisFailed
src/Sema.zig: error.FullMismatch
src/arch/wasm/Emit.zig: error.AnalysisFailed
src/arch/x86_64/CodeGen.zig: error.FullMismatch
src/link/Dwarf.zig: error.FullMismatch
src/link/Elf/Atom.zig: error.FullMismatch
src/link/Wasm/Flush.zig: error.FullMismatch
src/link/Wasm/Object.zig: error.FullMismatch
src/main.zig: error.FullMismatch
src/print_value.zig: error.AnalysisFailed
test/behavior/destructure.zig: error.FullMismatch
test/behavior/switch.zig: error.AnalysisFailed
test/behavior/switch_loop.zig: error.AnalysisFailed
test/behavior/x86_64/math.zig: error.AnalysisFailed
test/cases/compile_errors/Issue_6823_dont_allow_._to_be_followed_by_.zig: error.AnalysisFailed
test/cases/compile_errors/assign_to_constant_destructure.zig: error.FullMismatch
test/cases/compile_errors/attempted_double_ampersand.zig: error.AnalysisFailed
test/cases/compile_errors/chained_comparison_operators.zig: error.AnalysisFailed
test/cases/compile_errors/const_is_a_statement_not_an_expression.zig: error.AnalysisFailed
test/cases/compile_errors/declaration_between_fields.zig: error.AnalysisFailed
test/cases/compile_errors/duplicate-unused_labels.zig: error.AnalysisFailed
test/cases/compile_errors/empty_char_lit.zig: error.AnalysisFailed
test/cases/compile_errors/empty_for_loop_body.zig: error.AnalysisFailed
test/cases/compile_errors/empty_if_body.zig: error.AnalysisFailed
test/cases/compile_errors/empty_while_loop_body.zig: error.AnalysisFailed
test/cases/compile_errors/extra_comma_in_destructure.zig: error.AnalysisFailed
test/cases/compile_errors/for_empty.zig: error.AnalysisFailed
test/cases/compile_errors/for_extra_capture.zig: error.AnalysisFailed
test/cases/compile_errors/for_extra_condition.zig: error.AnalysisFailed
test/cases/compile_errors/implicit_semicolon-block_expr.zig: error.AnalysisFailed
test/cases/compile_errors/implicit_semicolon-block_statement.zig: error.AnalysisFailed
test/cases/compile_errors/implicit_semicolon-comptime_expression.zig: error.AnalysisFailed
test/cases/compile_errors/implicit_semicolon-comptime_statement.zig: error.AnalysisFailed
test/cases/compile_errors/implicit_semicolon-defer.zig: error.AnalysisFailed
test/cases/compile_errors/implicit_semicolon-for_expression.zig: error.AnalysisFailed
test/cases/compile_errors/implicit_semicolon-for_statement.zig: error.AnalysisFailed
test/cases/compile_errors/implicit_semicolon-if-else-if-else_expression.zig: error.AnalysisFailed
test/cases/compile_errors/implicit_semicolon-if-else-if-else_statement.zig: error.AnalysisFailed
test/cases/compile_errors/implicit_semicolon-if-else-if_expression.zig: error.AnalysisFailed
test/cases/compile_errors/implicit_semicolon-if-else-if_statement.zig: error.AnalysisFailed
test/cases/compile_errors/implicit_semicolon-if-else_expression.zig: error.AnalysisFailed
test/cases/compile_errors/implicit_semicolon-if-else_statement.zig: error.AnalysisFailed
test/cases/compile_errors/implicit_semicolon-if_expression.zig: error.AnalysisFailed
test/cases/compile_errors/implicit_semicolon-if_statement.zig: error.AnalysisFailed
test/cases/compile_errors/implicit_semicolon-test_expression.zig: error.AnalysisFailed
test/cases/compile_errors/implicit_semicolon-test_statement.zig: error.AnalysisFailed
test/cases/compile_errors/implicit_semicolon-while-continue_expression.zig: error.AnalysisFailed
test/cases/compile_errors/implicit_semicolon-while-continue_statement.zig: error.AnalysisFailed
test/cases/compile_errors/implicit_semicolon-while_expression.zig: error.AnalysisFailed
test/cases/compile_errors/implicit_semicolon-while_statement.zig: error.AnalysisFailed
test/cases/compile_errors/invalid_destructure_astgen.zig: error.FullMismatch
test/cases/compile_errors/invalid_destructure_sema.zig: error.FullMismatch
test/cases/compile_errors/invalid_float_literal.zig: error.AnalysisFailed
test/cases/compile_errors/invalid_legacy_unicode_escape.zig: error.AnalysisFailed
test/cases/compile_errors/invalid_pointer_syntax.zig: error.AnalysisFailed
test/cases/compile_errors/invalid_unicode_escape.zig: error.AnalysisFailed
test/cases/compile_errors/non-extern_function_with_var_args.zig: error.AnalysisFailed
test/cases/compile_errors/normal_string_with_newline.zig: error.AnalysisFailed
test/cases/compile_errors/reject_extern_function_definitions_with_body.zig: error.AnalysisFailed
test/cases/compile_errors/runtime_condition_comptime_type_in_destructure.zig: error.FullMismatch
test/cases/compile_errors/tab_inside_string.zig: error.Panic
