Passed: 90.1855% (2674/2965)

build.zig: error.MissingIdentifier
doc/langref/catch_err_return.zig: error.MissingIdentifier
doc/langref/invalid_doc-comment.zig: error.AnalysisFailed
doc/langref/test_peer_type_resolution.zig: error.MissingIdentifier
doc/langref/test_switch_continue.zig: error.AnalysisFailed
doc/langref/test_switch_dispatch_loop.zig: error.AnalysisFailed
doc/langref/unattached_doc-comment.zig: error.AnalysisFailed
doc/langref/var_must_be_initialized.zig: error.AnalysisFailed
lib/compiler/aro/aro/CodeGen.zig: error.MissingIdentifier
lib/compiler/aro/aro/Compilation.zig: error.MissingIdentifier
lib/compiler/aro/aro/Driver.zig: error.MissingIdentifier
lib/compiler/aro/aro/Parser.zig: error.MissingIdentifier
lib/compiler/aro/aro/Preprocessor.zig: error.MissingIdentifier
lib/compiler/aro/aro/Tree.zig: error.FullMismatch
lib/compiler/aro/aro/Type.zig: error.MissingIdentifier
lib/compiler/aro/aro/Value.zig: error.MissingIdentifier
lib/compiler/aro/aro/pragmas/gcc.zig: error.MissingIdentifier
lib/compiler/aro/aro/pragmas/message.zig: error.MissingIdentifier
lib/compiler/aro/aro/pragmas/pack.zig: error.MissingIdentifier
lib/compiler/aro/aro/text_literal.zig: error.FullMismatch
lib/compiler/aro/backend/Ir/x86/Renderer.zig: error.MissingIdentifier
lib/compiler/aro_translate_c.zig: error.MissingIdentifier
lib/compiler/build_runner.zig: error.MissingIdentifier
lib/compiler/fmt.zig: error.MissingIdentifier
lib/compiler/libc.zig: error.MissingIdentifier
lib/compiler/objcopy.zig: error.MissingIdentifier
lib/compiler/reduce.zig: error.MissingIdentifier
lib/compiler/resinator/cli.zig: error.MissingIdentifier
lib/compiler/resinator/compile.zig: error.MissingIdentifier
lib/compiler/resinator/errors.zig: error.MissingIdentifier
lib/compiler/resinator/ico.zig: error.MissingIdentifier
lib/compiler/resinator/lang.zig: error.MissingIdentifier
lib/compiler/resinator/lex.zig: error.MissingIdentifier
lib/compiler/resinator/main.zig: error.MissingIdentifier
lib/compiler/resinator/parse.zig: error.MissingIdentifier
lib/compiler/resinator/preprocess.zig: error.MissingIdentifier
lib/compiler/resinator/source_mapping.zig: error.MissingIdentifier
lib/compiler/resinator/windows1252.zig: error.MissingIdentifier
lib/compiler/std-docs.zig: error.MissingIdentifier
lib/compiler/test_runner.zig: error.MissingIdentifier
lib/docs/wasm/main.zig: error.MissingIdentifier
lib/fuzzer.zig: error.MissingIdentifier
lib/fuzzer/web/main.zig: error.MissingIdentifier
lib/std/Build.zig: error.MissingIdentifier
lib/std/Build/Cache.zig: error.MissingIdentifier
lib/std/Build/Fuzz.zig: error.MissingIdentifier
lib/std/Build/Fuzz/WebServer.zig: error.MissingIdentifier
lib/std/Build/Step.zig: error.MissingIdentifier
lib/std/Build/Step/CheckFile.zig: error.MissingIdentifier
lib/std/Build/Step/CheckObject.zig: error.MissingIdentifier
lib/std/Build/Step/Compile.zig: error.MissingIdentifier
lib/std/Build/Step/ConfigHeader.zig: error.MissingIdentifier
lib/std/Build/Step/InstallArtifact.zig: error.MissingIdentifier
lib/std/Build/Step/InstallDir.zig: error.MissingIdentifier
lib/std/Build/Step/InstallFile.zig: error.MissingIdentifier
lib/std/Build/Step/ObjCopy.zig: error.MissingIdentifier
lib/std/Build/Step/Options.zig: error.MissingIdentifier
lib/std/Build/Step/RemoveDir.zig: error.MissingIdentifier
lib/std/Build/Step/Run.zig: error.MissingIdentifier
lib/std/Build/Step/UpdateSourceFiles.zig: error.MissingIdentifier
lib/std/Build/Step/WriteFile.zig: error.MissingIdentifier
lib/std/Build/Watch.zig: error.MissingIdentifier
lib/std/Progress.zig: error.MissingIdentifier
lib/std/SemanticVersion.zig: error.MissingIdentifier
lib/std/Target/Query.zig: error.FullMismatch
lib/std/Thread.zig: error.MissingIdentifier
lib/std/Thread/Condition.zig: error.MissingIdentifier
lib/std/Thread/Futex.zig: error.MissingIdentifier
lib/std/Thread/ResetEvent.zig: error.MissingIdentifier
lib/std/Uri.zig: error.MissingIdentifier
lib/std/array_hash_map.zig: error.MissingIdentifier
lib/std/array_list.zig: error.MissingIdentifier
lib/std/bit_set.zig: error.MissingIdentifier
lib/std/buf_map.zig: error.MissingIdentifier
lib/std/buf_set.zig: error.MissingIdentifier
lib/std/builtin.zig: error.MissingIdentifier
lib/std/coff.zig: error.MissingIdentifier
lib/std/compress/xz/block.zig: error.MissingIdentifier
lib/std/compress/xz/test.zig: error.MissingIdentifier
lib/std/compress/zstandard.zig: error.MissingIdentifier
lib/std/compress/zstandard/decode/block.zig: error.MissingIdentifier
lib/std/compress/zstandard/decode/huffman.zig: error.MissingIdentifier
lib/std/compress/zstandard/decompress.zig: error.MissingIdentifier
lib/std/crypto/25519/ed25519.zig: error.MissingIdentifier
lib/std/crypto/Certificate.zig: error.MissingIdentifier
lib/std/crypto/Certificate/Bundle.zig: error.MissingIdentifier
lib/std/crypto/tls/Client.zig: error.MissingIdentifier
lib/std/debug.zig: error.MissingIdentifier
lib/std/debug/Coverage.zig: error.MissingIdentifier
lib/std/debug/Dwarf.zig: error.MissingIdentifier
lib/std/debug/MemoryAccessor.zig: error.MissingIdentifier
lib/std/debug/Pdb.zig: error.MissingIdentifier
lib/std/debug/SelfInfo.zig: error.MissingIdentifier
lib/std/fifo.zig: error.MissingIdentifier
lib/std/fmt.zig: error.MissingIdentifier
lib/std/fs.zig: error.MissingIdentifier
lib/std/fs/AtomicFile.zig: error.MissingIdentifier
lib/std/fs/Dir.zig: error.MissingIdentifier
lib/std/fs/File.zig: error.MissingIdentifier
lib/std/fs/get_app_data_dir.zig: error.MissingIdentifier
lib/std/fs/test.zig: error.MissingIdentifier
lib/std/hash/auto_hash.zig: error.MissingIdentifier
lib/std/hash_map.zig: error.MissingIdentifier
lib/std/http/Client.zig: error.MissingIdentifier
lib/std/http/protocol.zig: error.MissingIdentifier
lib/std/http/test.zig: error.MissingIdentifier
lib/std/io.zig: error.MissingIdentifier
lib/std/io/Reader.zig: error.MissingIdentifier
lib/std/io/bit_reader.zig: error.MissingIdentifier
lib/std/json/scanner.zig: error.MissingIdentifier
lib/std/json/scanner_test.zig: error.MissingIdentifier
lib/std/json/static_test.zig: error.MissingIdentifier
lib/std/math/big/int.zig: error.MissingIdentifier
lib/std/mem.zig: error.MissingIdentifier
lib/std/net.zig: error.MissingIdentifier
lib/std/net/test.zig: error.MissingIdentifier
lib/std/os.zig: error.MissingIdentifier
lib/std/os/linux/IoUring.zig: error.MissingIdentifier
lib/std/os/windows.zig: error.MissingIdentifier
lib/std/os/windows/nls.zig: error.MissingIdentifier
lib/std/os/windows/test.zig: error.MissingIdentifier
lib/std/posix.zig: error.MissingIdentifier
lib/std/posix/test.zig: error.MissingIdentifier
lib/std/priority_dequeue.zig: error.MissingIdentifier
lib/std/priority_queue.zig: error.MissingIdentifier
lib/std/process.zig: error.MissingIdentifier
lib/std/process/Child.zig: error.MissingIdentifier
lib/std/start.zig: error.MissingIdentifier
lib/std/tar.zig: error.MissingIdentifier
lib/std/tar/test.zig: error.MissingIdentifier
lib/std/tar/writer.zig: error.MissingIdentifier
lib/std/testing.zig: error.MissingIdentifier
lib/std/time.zig: error.MissingIdentifier
lib/std/tz.zig: error.MissingIdentifier
lib/std/unicode.zig: error.MissingIdentifier
lib/std/zig.zig: error.MissingIdentifier
lib/std/zig/AstGen.zig: error.MissingIdentifier
lib/std/zig/AstRlAnnotate.zig: error.MissingIdentifier
lib/std/zig/LibCDirs.zig: error.MissingIdentifier
lib/std/zig/LibCInstallation.zig: error.MissingIdentifier
lib/std/zig/Parse.zig: error.MissingIdentifier
lib/std/zig/WindowsSdk.zig: error.MissingIdentifier
lib/std/zig/parser_test.zig: error.MissingIdentifier
lib/std/zig/render.zig: error.MissingIdentifier
lib/std/zig/system.zig: error.MissingIdentifier
lib/std/zig/system/darwin/macos.zig: error.MissingIdentifier
lib/std/zig/system/linux.zig: error.MissingIdentifier
lib/std/zig/tokenizer.zig: error.AnalysisFailed
src/Air/types_resolved.zig: error.MissingIdentifier
src/Builtin.zig: error.MissingIdentifier
src/Compilation.zig: error.MissingIdentifier
src/Package/Fetch.zig: error.MissingIdentifier
src/Package/Fetch/git.zig: error.MissingIdentifier
src/Package/Manifest.zig: error.MissingIdentifier
src/Sema.zig: error.MissingIdentifier
src/Sema/bitcast.zig: error.MissingIdentifier
src/Type.zig: error.MissingIdentifier
src/Value.zig: error.MissingIdentifier
src/Zcu.zig: error.FullMismatch
src/Zcu/PerThread.zig: error.MissingIdentifier
src/arch/aarch64/CodeGen.zig: error.MissingIdentifier
src/arch/arm/CodeGen.zig: error.MissingIdentifier
src/arch/riscv64/CodeGen.zig: error.MissingIdentifier
src/arch/sparc64/CodeGen.zig: error.MissingIdentifier
src/arch/sparc64/bits.zig: error.MissingIdentifier
src/arch/wasm/CodeGen.zig: error.MissingIdentifier
src/arch/x86_64/CodeGen.zig: error.MissingIdentifier
src/arch/x86_64/Disassembler.zig: error.MissingIdentifier
src/arch/x86_64/encoder.zig: error.MissingIdentifier
src/codegen/llvm.zig: error.MissingIdentifier
src/codegen/llvm/BitcodeReader.zig: error.MissingIdentifier
src/codegen/llvm/Builder.zig: error.MissingIdentifier
src/codegen/spirv.zig: error.MissingIdentifier
src/crash_report.zig: error.MissingIdentifier
src/glibc.zig: error.MissingIdentifier
src/libcxx.zig: error.MissingIdentifier
src/libtsan.zig: error.MissingIdentifier
src/libunwind.zig: error.MissingIdentifier
src/link.zig: error.MissingIdentifier
src/link/C.zig: error.MissingIdentifier
src/link/Coff.zig: error.MissingIdentifier
src/link/Dwarf.zig: error.FullMismatch
src/link/Elf.zig: error.MissingIdentifier
src/link/Elf/Atom.zig: error.MissingIdentifier
src/link/Elf/ZigObject.zig: error.MissingIdentifier
src/link/Elf/eh_frame.zig: error.MissingIdentifier
src/link/LdScript.zig: error.MissingIdentifier
src/link/MachO.zig: error.MissingIdentifier
src/link/MachO/Atom.zig: error.MissingIdentifier
src/link/MachO/Dylib.zig: error.MissingIdentifier
src/link/MachO/Object.zig: error.MissingIdentifier
src/link/MachO/ZigObject.zig: error.MissingIdentifier
src/link/MachO/relocatable.zig: error.MissingIdentifier
src/link/Plan9.zig: error.MissingIdentifier
src/link/SpirV.zig: error.MissingIdentifier
src/link/Wasm.zig: error.MissingIdentifier
src/main.zig: error.MissingIdentifier
src/mingw.zig: error.MissingIdentifier
src/print_env.zig: error.MissingIdentifier
src/print_targets.zig: error.MissingIdentifier
src/print_value.zig: error.MissingIdentifier
src/translate_c.zig: error.MissingIdentifier
test/behavior/async_fn.zig: error.MissingIdentifier
test/behavior/basic.zig: error.MissingIdentifier
test/behavior/defer.zig: error.MissingIdentifier
test/behavior/destructure.zig: error.FullMismatch
test/behavior/error.zig: error.MissingIdentifier
test/behavior/switch.zig: error.MissingIdentifier
test/behavior/switch_loop.zig: error.AnalysisFailed
test/behavior/switch_on_captured_error.zig: error.MissingIdentifier
test/cases/catch_at_comptime.3.zig: error.MissingIdentifier
test/cases/catch_at_comptime.4.zig: error.MissingIdentifier
test/cases/compile_errors/Issue_6823_dont_allow_._to_be_followed_by_.zig: error.AnalysisFailed
test/cases/compile_errors/assign_to_constant_destructure.zig: error.FullMismatch
test/cases/compile_errors/attempted_double_ampersand.zig: error.AnalysisFailed
test/cases/compile_errors/chained_comparison_operators.zig: error.AnalysisFailed
test/cases/compile_errors/const_is_a_statement_not_an_expression.zig: error.AnalysisFailed
test/cases/compile_errors/declaration_between_fields.zig: error.AnalysisFailed
test/cases/compile_errors/duplicate-unused_labels.zig: error.AnalysisFailed
test/cases/compile_errors/duplicate_error_in_switch.zig: error.MissingIdentifier
test/cases/compile_errors/empty_char_lit.zig: error.AnalysisFailed
test/cases/compile_errors/empty_for_loop_body.zig: error.AnalysisFailed
test/cases/compile_errors/empty_if_body.zig: error.AnalysisFailed
test/cases/compile_errors/empty_while_loop_body.zig: error.AnalysisFailed
test/cases/compile_errors/error_not_handled_in_switch.zig: error.MissingIdentifier
test/cases/compile_errors/extra_comma_in_destructure.zig: error.AnalysisFailed
test/cases/compile_errors/for_empty.zig: error.AnalysisFailed
test/cases/compile_errors/for_extra_capture.zig: error.AnalysisFailed
test/cases/compile_errors/for_extra_condition.zig: error.AnalysisFailed
test/cases/compile_errors/implicit_semicolon-block_expr.zig: error.AnalysisFailed
test/cases/compile_errors/implicit_semicolon-block_statement.zig: error.AnalysisFailed
test/cases/compile_errors/implicit_semicolon-comptime_expression.zig: error.AnalysisFailed
test/cases/compile_errors/implicit_semicolon-comptime_statement.zig: error.AnalysisFailed
test/cases/compile_errors/implicit_semicolon-defer.zig: error.AnalysisFailed
test/cases/compile_errors/implicit_semicolon-for_expression.zig: error.AnalysisFailed
test/cases/compile_errors/implicit_semicolon-for_statement.zig: error.AnalysisFailed
test/cases/compile_errors/implicit_semicolon-if-else-if-else_expression.zig: error.AnalysisFailed
test/cases/compile_errors/implicit_semicolon-if-else-if-else_statement.zig: error.AnalysisFailed
test/cases/compile_errors/implicit_semicolon-if-else-if_expression.zig: error.AnalysisFailed
test/cases/compile_errors/implicit_semicolon-if-else-if_statement.zig: error.AnalysisFailed
test/cases/compile_errors/implicit_semicolon-if-else_expression.zig: error.AnalysisFailed
test/cases/compile_errors/implicit_semicolon-if-else_statement.zig: error.AnalysisFailed
test/cases/compile_errors/implicit_semicolon-if_expression.zig: error.AnalysisFailed
test/cases/compile_errors/implicit_semicolon-if_statement.zig: error.AnalysisFailed
test/cases/compile_errors/implicit_semicolon-test_expression.zig: error.AnalysisFailed
test/cases/compile_errors/implicit_semicolon-test_statement.zig: error.AnalysisFailed
test/cases/compile_errors/implicit_semicolon-while-continue_expression.zig: error.AnalysisFailed
test/cases/compile_errors/implicit_semicolon-while-continue_statement.zig: error.AnalysisFailed
test/cases/compile_errors/implicit_semicolon-while_expression.zig: error.AnalysisFailed
test/cases/compile_errors/implicit_semicolon-while_statement.zig: error.AnalysisFailed
test/cases/compile_errors/invalid_destructure_astgen.zig: error.FullMismatch
test/cases/compile_errors/invalid_destructure_sema.zig: error.FullMismatch
test/cases/compile_errors/invalid_float_literal.zig: error.AnalysisFailed
test/cases/compile_errors/invalid_legacy_unicode_escape.zig: error.AnalysisFailed
test/cases/compile_errors/invalid_pointer_syntax.zig: error.AnalysisFailed
test/cases/compile_errors/invalid_unicode_escape.zig: error.AnalysisFailed
test/cases/compile_errors/non-extern_function_with_var_args.zig: error.AnalysisFailed
test/cases/compile_errors/normal_string_with_newline.zig: error.AnalysisFailed
test/cases/compile_errors/range_operator_in_switch_used_on_error_set.zig: error.MissingIdentifier
test/cases/compile_errors/reject_extern_function_definitions_with_body.zig: error.AnalysisFailed
test/cases/compile_errors/runtime_condition_comptime_type_in_destructure.zig: error.FullMismatch
test/cases/compile_errors/switch_expression-duplicate_error_prong.zig: error.MissingIdentifier
test/cases/compile_errors/switch_expression-duplicate_error_prong_when_else_present.zig: error.MissingIdentifier
test/cases/compile_errors/switch_expression-missing_error_prong.zig: error.MissingIdentifier
test/cases/compile_errors/switch_expression-multiple_else_prongs.zig: error.MissingIdentifier
test/cases/compile_errors/switch_expression-unreachable_else_prong_error.zig: error.MissingIdentifier
test/cases/compile_errors/switch_on_error_with_1_field_with_no_prongs.zig: error.MissingIdentifier
test/cases/compile_errors/switch_on_error_with_capture_by_reference.zig: error.MissingIdentifier
test/cases/compile_errors/switch_on_error_with_non_trivial_switch_operand.zig: error.MissingIdentifier
test/cases/compile_errors/switch_on_non_err_union.zig: error.MissingIdentifier
test/cases/double_ampersand.0.zig: error.AnalysisFailed
test/cases/errors.2.zig: error.MissingIdentifier
test/cases/safety/unwrap error switch.zig: error.MissingIdentifier
test/cases/variable_shadowing.10.zig: error.MissingIdentifier
test/src/Cases.zig: error.MissingIdentifier
test/standalone/sigpipe/breakpipe.zig: error.MissingIdentifier
test/standalone/simple/cat/main.zig: error.MissingIdentifier
test/standalone/windows_argv/build.zig: error.MissingIdentifier
test/standalone/windows_argv/lib.zig: error.MissingIdentifier
tools/docgen.zig: error.MissingIdentifier
tools/doctest.zig: error.MissingIdentifier
tools/dump-cov.zig: error.MissingIdentifier
tools/gen_spirv_spec.zig: error.MissingIdentifier
tools/gen_stubs.zig: error.MissingIdentifier
tools/incr-check.zig: error.MissingIdentifier
tools/migrate_langref.zig: error.MissingIdentifier
tools/process_headers.zig: error.MissingIdentifier
tools/update-linux-headers.zig: error.MissingIdentifier
tools/update_glibc.zig: error.MissingIdentifier
tools/update_mingw.zig: error.MissingIdentifier
tools/update_spirv_features.zig: error.MissingIdentifier
